Using pre-set license
Built from '2021.3/china_unity/release' branch; Version is '2021.3.45f2c1 (8058fe21db2f) revision 8411390'; Using compiler version '192829333'; Build Type 'Release'
OS: 'Windows 11  (10.0.26200) 64bit Professional' Language: 'zh' Physical Memory: 32388 MB
BatchMode: 1, IsHumanControllingUs: 0, StartBugReporterOnCrash: 0, Is64bit: 1, IsPro: 1

COMMAND LINE ARGUMENTS:
C:\Program Files\Unity\Hub\Editor\2021.3.45f2c1\Editor\Unity.exe
-adb2
-batchMode
-noUpm
-name
AssetImportWorker10
-projectPath
C:/Users/Bobby2003/My project (7)/PROG2001-Group4
-logFile
Logs/AssetImportWorker10.log
-srvPort
60995
Successfully changed project path to: C:/Users/Bobby2003/My project (7)/PROG2001-Group4
C:/Users/Bobby2003/My project (7)/PROG2001-Group4
[UnityMemory] Configuration Parameters - Can be set up in boot.config
    "memorysetup-bucket-allocator-granularity=16"
    "memorysetup-bucket-allocator-bucket-count=8"
    "memorysetup-bucket-allocator-block-size=33554432"
    "memorysetup-bucket-allocator-block-count=8"
    "memorysetup-main-allocator-block-size=16777216"
    "memorysetup-thread-allocator-block-size=16777216"
    "memorysetup-gfx-main-allocator-block-size=16777216"
    "memorysetup-gfx-thread-allocator-block-size=16777216"
    "memorysetup-cache-allocator-block-size=4194304"
    "memorysetup-typetree-allocator-block-size=2097152"
    "memorysetup-profiler-bucket-allocator-granularity=16"
    "memorysetup-profiler-bucket-allocator-bucket-count=8"
    "memorysetup-profiler-bucket-allocator-block-size=33554432"
    "memorysetup-profiler-bucket-allocator-block-count=8"
    "memorysetup-profiler-allocator-block-size=16777216"
    "memorysetup-profiler-editor-allocator-block-size=1048576"
    "memorysetup-temp-allocator-size-main=16777216"
    "memorysetup-job-temp-allocator-block-size=2097152"
    "memorysetup-job-temp-allocator-block-size-background=1048576"
    "memorysetup-job-temp-allocator-reduction-small-platforms=262144"
    "memorysetup-temp-allocator-size-background-worker=32768"
    "memorysetup-temp-allocator-size-job-worker=262144"
    "memorysetup-temp-allocator-size-preload-manager=33554432"
    "memorysetup-temp-allocator-size-nav-mesh-worker=65536"
    "memorysetup-temp-allocator-size-audio-worker=65536"
    "memorysetup-temp-allocator-size-cloud-worker=32768"
    "memorysetup-temp-allocator-size-gi-baking-worker=262144"
    "memorysetup-temp-allocator-size-gfx=262144"
Player connection [52760] Host "[IP] 26.18.251.41 [Port] 0 [Flags] 2 [Guid] 2154467492 [EditorId] 2154467492 [Version] 1048832 [Id] WindowsEditor(7,Bobby) [Debug] 1 [PackageName] WindowsEditor [ProjectName] Editor" joined multi-casting on [225.0.0.222:54997]...

Player connection [52760] Host "[IP] 26.18.251.41 [Port] 0 [Flags] 2 [Guid] 2154467492 [EditorId] 2154467492 [Version] 1048832 [Id] WindowsEditor(7,Bobby) [Debug] 1 [PackageName] WindowsEditor [ProjectName] Editor" joined alternative multi-casting on [225.0.0.222:34997]...

AS: AutoStreaming module initializing.
[Physics::Module] Initialized MultithreadedJobDispatcher with {0} workers.
Refreshing native plugins compatible for Editor in 45.83 ms, found 3 plugins.
Preloading 0 native plugins for Editor in 0.00 ms.
Initialize engine version: 2021.3.45f2c1 (8058fe21db2f)
[Subsystems] Discovering subsystems at path C:/Program Files/Unity/Hub/Editor/2021.3.45f2c1/Editor/Data/Resources/UnitySubsystems
[Subsystems] Discovering subsystems at path C:/Users/Bobby2003/My project (7)/PROG2001-Group4/Assets
GfxDevice: creating device client; threaded=0; jobified=0
Direct3D:
    Version:  Direct3D 11.0 [level 11.1]
    Renderer: NVIDIA GeForce RTX 4060 Laptop GPU (ID=0x28a0)
    Vendor:   NVIDIA
    VRAM:     7957 MB
    Driver:   32.0.15.8097
Initialize mono
Mono path[0] = 'C:/Program Files/Unity/Hub/Editor/2021.3.45f2c1/Editor/Data/Managed'
Mono path[1] = 'C:/Program Files/Unity/Hub/Editor/2021.3.45f2c1/Editor/Data/MonoBleedingEdge/lib/mono/unityjit-win32'
Mono config path = 'C:/Program Files/Unity/Hub/Editor/2021.3.45f2c1/Editor/Data/MonoBleedingEdge/etc'
Using monoOptions --debugger-agent=transport=dt_socket,embedding=1,server=y,suspend=n,address=127.0.0.1:56128
Begin MonoManager ReloadAssembly
Registering precompiled unity dll's ...
Register platform support module: C:/Program Files/Unity/Hub/Editor/2021.3.45f2c1/Editor/Data/PlaybackEngines/WindowsStandaloneSupport/UnityEditor.WindowsStandalone.Extensions.dll
Registered in 0.004802 seconds.
Native extension for WindowsStandalone target not found
Refreshing native plugins compatible for Editor in 33.87 ms, found 3 plugins.
Preloading 0 native plugins for Editor in 0.00 ms.
Mono: successfully reloaded assembly
- Completed reload, in  0.395 seconds
Domain Reload Profiling:
	ReloadAssembly (395ms)
		BeginReloadAssembly (67ms)
			ExecutionOrderSort (0ms)
			DisableScriptedObjects (0ms)
			BackupInstance (0ms)
			ReleaseScriptingObjects (0ms)
			CreateAndSetChildDomain (1ms)
		EndReloadAssembly (265ms)
			LoadAssemblies (65ms)
			RebuildTransferFunctionScriptingTraits (0ms)
			SetupTypeCache (66ms)
			ReleaseScriptCaches (0ms)
			RebuildScriptCaches (17ms)
			SetupLoadedEditorAssemblies (154ms)
				LogAssemblyErrors (0ms)
				InitializePlatformSupportModulesInManaged (5ms)
				SetLoadedEditorAssemblies (0ms)
				RefreshPlugins (34ms)
				BeforeProcessingInitializeOnLoad (1ms)
				ProcessInitializeOnLoadAttributes (85ms)
				ProcessInitializeOnLoadMethodAttributes (29ms)
				AfterProcessingInitializeOnLoad (0ms)
				EditorAssembliesLoaded (0ms)
			ExecutionOrderSort2 (0ms)
			AwakeInstancesAfterBackupRestoration (0ms)
Platform modules already initialized, skipping
Registering precompiled user dll's ...
Registered in 0.003524 seconds.
Begin MonoManager ReloadAssembly
Native extension for WindowsStandalone target not found
Refreshing native plugins compatible for Editor in 0.43 ms, found 3 plugins.
Preloading 0 native plugins for Editor in 0.00 ms.
Package Manager log level set to [2]
[Package Manager] Server::EnsureServerProcessIsRunning -- launch failed, reason: Unity was launched with the -noUpm command-line argument
[Package Manager] Cannot connect to Unity Package Manager local server
Mono: successfully reloaded assembly
- Completed reload, in  0.970 seconds
Domain Reload Profiling:
	ReloadAssembly (970ms)
		BeginReloadAssembly (86ms)
			ExecutionOrderSort (0ms)
			DisableScriptedObjects (3ms)
			BackupInstance (0ms)
			ReleaseScriptingObjects (0ms)
			CreateAndSetChildDomain (12ms)
		EndReloadAssembly (817ms)
			LoadAssemblies (65ms)
			RebuildTransferFunctionScriptingTraits (0ms)
			SetupTypeCache (129ms)
			ReleaseScriptCaches (0ms)
			RebuildScriptCaches (29ms)
			SetupLoadedEditorAssemblies (591ms)
				LogAssemblyErrors (0ms)
				InitializePlatformSupportModulesInManaged (4ms)
				SetLoadedEditorAssemblies (0ms)
				RefreshPlugins (0ms)
				BeforeProcessingInitializeOnLoad (37ms)
				ProcessInitializeOnLoadAttributes (529ms)
				ProcessInitializeOnLoadMethodAttributes (15ms)
				AfterProcessingInitializeOnLoad (6ms)
				EditorAssembliesLoaded (0ms)
			ExecutionOrderSort2 (0ms)
			AwakeInstancesAfterBackupRestoration (4ms)
Platform modules already initialized, skipping
========================================================================
Worker process is ready to serve import requests
Launched and connected shader compiler UnityShaderCompiler.exe after 0.11 seconds
Refreshing native plugins compatible for Editor in 0.57 ms, found 3 plugins.
Preloading 0 native plugins for Editor in 0.00 ms.
Unloading 3000 Unused Serialized files (Serialized files now loaded: 0)
Unloading 23 unused Assets / (47.3 KB). Loaded Objects now: 3478.
Memory consumption went from 127.7 MB to 127.6 MB.
Total: 2.232000 ms (FindLiveObjects: 0.164100 ms CreateObjectMapping: 0.044600 ms MarkObjects: 1.945800 ms  DeleteObjects: 0.076500 ms)

AssetImportParameters requested are different than current active one (requested -> active):
  custom:video-decoder-ogg-theora: a1e56fd34408186e4bbccfd4996cb3dc -> 
  custom:container-muxer-webm: aa71ff27fc2769a1b78a27578f13a17b -> 
  custom:container-demuxer-webm: 4f35f7cbe854078d1ac9338744f61a02 -> 
  custom:video-encoder-webm-vp8: eb34c28f22e8b96e1ab97ce403110664 -> 
  custom:video-codec-MediaFoundation-h265: 746d11721c4dcdbdad8f713fa42b33f4 -> 
  custom:CustomObjectIndexerAttribute: bc11b3a6c3213fcdd17b65e7da85e133 -> 
  custom:audio-encoder-webm-vorbis: bf7c407c2cedff20999df2af8eb42d56 -> 
  custom:framework-win-MediaFoundation: 216162199b28c13a410421893ffa2e32 -> 
  custom:SearchIndexIgnoredProperties: e643bd26f0fe6173181afceb89e7c659 -> 
  custom:container-demuxer-ogg: 62fdf1f143b41e24485cea50d1cbac27 -> 
  custom:video-decoder-webm-vp8: 9c59270c3fd7afecdb556c50c9e8de78 -> 
  custom:audio-decoder-ogg-vorbis: bf7c407c2cedff20999df2af8eb42d56 -> 
========================================================================
Received Import Request.
  Time since last request: 50808.668487 seconds.
  path: Assets/Quirky Series Ultimate/Quirky Series Vol.1/Farm Vol.1/Animations/Cow_Animations.fbx
  artifactKey: Guid(677222d2d106c0549a2b52295d1a6063) Importer(815301076,1909f56bfc062723c751e8b465ee728b)
Number of updated assets reloaded before import = 0
Start importing Assets/Quirky Series Ultimate/Quirky Series Vol.1/Farm Vol.1/Animations/Cow_Animations.fbx using Guid(677222d2d106c0549a2b52295d1a6063) Importer(815301076,1909f56bfc062723c751e8b465ee728b)  -> (artifact id: 'a04413fdc1658f7cc758c5c338cf8a0b') in 0.140890 seconds 
Number of asset objects unloaded after import = 52
========================================================================
Received Import Request.
  Time since last request: 0.000023 seconds.
  path: Assets/Quirky Series Ultimate/Quirky Series Vol.1/Farm Vol.1/Animations/Rooster_Animations.fbx
  artifactKey: Guid(8374733306c3d3c46aa3e956993d7273) Importer(815301076,1909f56bfc062723c751e8b465ee728b)
Number of updated assets reloaded before import = 0
Start importing Assets/Quirky Series Ultimate/Quirky Series Vol.1/Farm Vol.1/Animations/Rooster_Animations.fbx using Guid(8374733306c3d3c46aa3e956993d7273) Importer(815301076,1909f56bfc062723c751e8b465ee728b)  -> (artifact id: '4d06ea01b2217f796e6627704aabafa8') in 0.043978 seconds 
Number of asset objects unloaded after import = 54
========================================================================
Received Import Request.
  Time since last request: 4.398998 seconds.
  path: Assets/Quirky Series Ultimate/Quirky Series Vol.1/Forest Vol.1/Animations/Fox_Animations.fbx
  artifactKey: Guid(d6b8493ed68296a46a97c13d64b4d35e) Importer(815301076,1909f56bfc062723c751e8b465ee728b)
Number of updated assets reloaded before import = 0
Start importing Assets/Quirky Series Ultimate/Quirky Series Vol.1/Forest Vol.1/Animations/Fox_Animations.fbx using Guid(d6b8493ed68296a46a97c13d64b4d35e) Importer(815301076,1909f56bfc062723c751e8b465ee728b)  -> (artifact id: '2c50976c906c0b11183e216a04dc032d') in 0.041262 seconds 
Number of asset objects unloaded after import = 52
========================================================================
Received Import Request.
  Time since last request: 0.000019 seconds.
  path: Assets/Quirky Series Ultimate/Quirky Series Vol.1/Forest Vol.1/Animations/Wolf_Animations.fbx
  artifactKey: Guid(26e6316611a99db4a8ea7a0cd86c094a) Importer(815301076,1909f56bfc062723c751e8b465ee728b)
Number of updated assets reloaded before import = 0
Start importing Assets/Quirky Series Ultimate/Quirky Series Vol.1/Forest Vol.1/Animations/Wolf_Animations.fbx using Guid(26e6316611a99db4a8ea7a0cd86c094a) Importer(815301076,1909f56bfc062723c751e8b465ee728b)  -> (artifact id: '5c5bb55d810a7ba360c662b4095c9bfe') in 0.057126 seconds 
Number of asset objects unloaded after import = 52
========================================================================
Received Import Request.
  Time since last request: 8.901936 seconds.
  path: Assets/Quirky Series Ultimate/Quirky Series Vol.1/Pets Vol.1/Materials/M_Dove.mat
  artifactKey: Guid(6781c582d9866174d83ece9cdae9aa96) Importer(815301076,1909f56bfc062723c751e8b465ee728b)
Number of updated assets reloaded before import = 0
Start importing Assets/Quirky Series Ultimate/Quirky Series Vol.1/Pets Vol.1/Materials/M_Dove.mat using Guid(6781c582d9866174d83ece9cdae9aa96) Importer(815301076,1909f56bfc062723c751e8b465ee728b)  -> (artifact id: '0c65cc16ad4a8e0d6982a0fe2d40efc9') in 0.044637 seconds 
Number of asset objects unloaded after import = 2
========================================================================
Received Import Request.
  Time since last request: 0.000027 seconds.
  path: Assets/Quirky Series Ultimate/Quirky Series Vol.1/Pets Vol.1/Materials/M_Pigeon.mat
  artifactKey: Guid(51c7befe5cda6b14e925213b0bb7e6a9) Importer(815301076,1909f56bfc062723c751e8b465ee728b)
Number of updated assets reloaded before import = 0
Start importing Assets/Quirky Series Ultimate/Quirky Series Vol.1/Pets Vol.1/Materials/M_Pigeon.mat using Guid(51c7befe5cda6b14e925213b0bb7e6a9) Importer(815301076,1909f56bfc062723c751e8b465ee728b)  -> (artifact id: '5f54c306123345db4058f56152cfad38') in 0.034097 seconds 
Number of asset objects unloaded after import = 2
========================================================================
Received Import Request.
  Time since last request: 0.467588 seconds.
  path: Assets/Quirky Series Ultimate/Quirky Series Vol.1/Pets Vol.1/Models/Cat_LOD2.fbx
  artifactKey: Guid(b001be81402789d46a8e8bf202d80bce) Importer(815301076,1909f56bfc062723c751e8b465ee728b)
Number of updated assets reloaded before import = 0
Start importing Assets/Quirky Series Ultimate/Quirky Series Vol.1/Pets Vol.1/Models/Cat_LOD2.fbx using Guid(b001be81402789d46a8e8bf202d80bce) Importer(815301076,1909f56bfc062723c751e8b465ee728b)  -> (artifact id: '735896d9e3d207a4d731bfced641f159') in 0.037551 seconds 
Number of asset objects unloaded after import = 32
========================================================================
Received Import Request.
  Time since last request: 0.000017 seconds.
  path: Assets/Quirky Series Ultimate/Quirky Series Vol.1/Pets Vol.1/Models/Tortoise_LOD1.fbx
  artifactKey: Guid(f5b66195f443f614ba2cba20ff26b968) Importer(815301076,1909f56bfc062723c751e8b465ee728b)
Number of updated assets reloaded before import = 0
Start importing Assets/Quirky Series Ultimate/Quirky Series Vol.1/Pets Vol.1/Models/Tortoise_LOD1.fbx using Guid(f5b66195f443f614ba2cba20ff26b968) Importer(815301076,1909f56bfc062723c751e8b465ee728b)  -> (artifact id: 'fce0e1d1a0515aed68f5ac40568cbd6b') in 0.055927 seconds 
Number of asset objects unloaded after import = 26
========================================================================
Received Import Request.
  Time since last request: 0.000022 seconds.
  path: Assets/Quirky Series Ultimate/Quirky Series Vol.1/Pets Vol.1/Models/Tortoise_LOD0.fbx
  artifactKey: Guid(09368598ad80a424aab6a48eba9de1a7) Importer(815301076,1909f56bfc062723c751e8b465ee728b)
Number of updated assets reloaded before import = 0
Start importing Assets/Quirky Series Ultimate/Quirky Series Vol.1/Pets Vol.1/Models/Tortoise_LOD0.fbx using Guid(09368598ad80a424aab6a48eba9de1a7) Importer(815301076,1909f56bfc062723c751e8b465ee728b)  -> (artifact id: '37dd74ff5505fed62a8f45f3be93e3db') in 0.061372 seconds 
Number of asset objects unloaded after import = 26
========================================================================
Received Import Request.
  Time since last request: 0.000019 seconds.
  path: Assets/Quirky Series Ultimate/Quirky Series Vol.1/Pets Vol.1/Models/Dog_LOD1.fbx
  artifactKey: Guid(21c10ff87b85ec441aa479847c342cf7) Importer(815301076,1909f56bfc062723c751e8b465ee728b)
Number of updated assets reloaded before import = 0
Start importing Assets/Quirky Series Ultimate/Quirky Series Vol.1/Pets Vol.1/Models/Dog_LOD1.fbx using Guid(21c10ff87b85ec441aa479847c342cf7) Importer(815301076,1909f56bfc062723c751e8b465ee728b)  -> (artifact id: '216c8fef55b4946980451a238be1e987') in 0.051927 seconds 
Number of asset objects unloaded after import = 36
========================================================================
Received Import Request.
  Time since last request: 0.000029 seconds.
  path: Assets/Quirky Series Ultimate/Quirky Series Vol.1/Pets Vol.1/Models/Pigeon_LOD2.fbx
  artifactKey: Guid(dc916d3b965ef6e48b801d386deefcbf) Importer(815301076,1909f56bfc062723c751e8b465ee728b)
Number of updated assets reloaded before import = 0
Start importing Assets/Quirky Series Ultimate/Quirky Series Vol.1/Pets Vol.1/Models/Pigeon_LOD2.fbx using Guid(dc916d3b965ef6e48b801d386deefcbf) Importer(815301076,1909f56bfc062723c751e8b465ee728b)  -> (artifact id: '3433ffbdf25dfcda9e8c406b6845e015') in 0.043295 seconds 
Number of asset objects unloaded after import = 32
========================================================================
Received Import Request.
  Time since last request: 0.000024 seconds.
  path: Assets/Quirky Series Ultimate/Quirky Series Vol.1/Pets Vol.1/Models/Mouse_LOD0.fbx
  artifactKey: Guid(43b757d54f0c11d4b8a32e49db487888) Importer(815301076,1909f56bfc062723c751e8b465ee728b)
Number of updated assets reloaded before import = 0
Start importing Assets/Quirky Series Ultimate/Quirky Series Vol.1/Pets Vol.1/Models/Mouse_LOD0.fbx using Guid(43b757d54f0c11d4b8a32e49db487888) Importer(815301076,1909f56bfc062723c751e8b465ee728b)  -> (artifact id: 'a32b59a710372536103b2aa450f812db') in 0.036978 seconds 
Number of asset objects unloaded after import = 32
========================================================================
Received Import Request.
  Time since last request: 0.000017 seconds.
  path: Assets/Quirky Series Ultimate/Quirky Series Vol.1/Pets Vol.1/Models/Rabbit_LOD1.fbx
  artifactKey: Guid(85378d624aaf8b94793976cb6c7a8e35) Importer(815301076,1909f56bfc062723c751e8b465ee728b)
Number of updated assets reloaded before import = 0
Start importing Assets/Quirky Series Ultimate/Quirky Series Vol.1/Pets Vol.1/Models/Rabbit_LOD1.fbx using Guid(85378d624aaf8b94793976cb6c7a8e35) Importer(815301076,1909f56bfc062723c751e8b465ee728b)  -> (artifact id: '165c58548cd34fb31a0ad084959e8c18') in 0.032173 seconds 
Number of asset objects unloaded after import = 30
========================================================================
Received Import Request.
  Time since last request: 5.245945 seconds.
  path: Assets/Quirky Series Ultimate/Quirky Series Vol.1/Pets Vol.1/Animations/Mouse_Animations.fbx
  artifactKey: Guid(33379e2cb78d908499747259c71391db) Importer(815301076,1909f56bfc062723c751e8b465ee728b)
Number of updated assets reloaded before import = 0
Start importing Assets/Quirky Series Ultimate/Quirky Series Vol.1/Pets Vol.1/Animations/Mouse_Animations.fbx using Guid(33379e2cb78d908499747259c71391db) Importer(815301076,1909f56bfc062723c751e8b465ee728b)  -> (artifact id: 'd78a2acac990c0e2104dac64247c35ed') in 0.035791 seconds 
Number of asset objects unloaded after import = 52
========================================================================
Received Import Request.
  Time since last request: 0.000031 seconds.
  path: Assets/Quirky Series Ultimate/Quirky Series Vol.1/Pets Vol.1/Animations/Tortoise_Animations.fbx
  artifactKey: Guid(4bccafe45376a1b4bac2867302e9474f) Importer(815301076,1909f56bfc062723c751e8b465ee728b)
Number of updated assets reloaded before import = 0
Start importing Assets/Quirky Series Ultimate/Quirky Series Vol.1/Pets Vol.1/Animations/Tortoise_Animations.fbx using Guid(4bccafe45376a1b4bac2867302e9474f) Importer(815301076,1909f56bfc062723c751e8b465ee728b)  -> (artifact id: 'ee4c285b0b9d19c65411c6895093031b') in 0.026582 seconds 
Number of asset objects unloaded after import = 46
Editor requested this worker to shutdown with reason: Scaling down because of idle timeout
AssetImportWorker is now disconnected from the server
Process exiting
Exiting without the bug reporter. Application will terminate with return code 0