Using pre-set license
Built from '2021.3/china_unity/release' branch; Version is '2021.3.45f2c1 (8058fe21db2f) revision 8411390'; Using compiler version '192829333'; Build Type 'Release'
OS: 'Windows 11  (10.0.26200) 64bit Professional' Language: 'zh' Physical Memory: 32388 MB
BatchMode: 1, IsHumanControllingUs: 0, StartBugReporterOnCrash: 0, Is64bit: 1, IsPro: 1

COMMAND LINE ARGUMENTS:
C:\Program Files\Unity\Hub\Editor\2021.3.45f2c1\Editor\Unity.exe
-adb2
-batchMode
-noUpm
-name
AssetImportWorker16
-projectPath
C:/Users/Bobby2003/My project (7)/PROG2001-Group4
-logFile
Logs/AssetImportWorker16.log
-srvPort
60995
Successfully changed project path to: C:/Users/Bobby2003/My project (7)/PROG2001-Group4
C:/Users/Bobby2003/My project (7)/PROG2001-Group4
[UnityMemory] Configuration Parameters - Can be set up in boot.config
    "memorysetup-bucket-allocator-granularity=16"
    "memorysetup-bucket-allocator-bucket-count=8"
    "memorysetup-bucket-allocator-block-size=33554432"
    "memorysetup-bucket-allocator-block-count=8"
    "memorysetup-main-allocator-block-size=16777216"
    "memorysetup-thread-allocator-block-size=16777216"
    "memorysetup-gfx-main-allocator-block-size=16777216"
    "memorysetup-gfx-thread-allocator-block-size=16777216"
    "memorysetup-cache-allocator-block-size=4194304"
    "memorysetup-typetree-allocator-block-size=2097152"
    "memorysetup-profiler-bucket-allocator-granularity=16"
    "memorysetup-profiler-bucket-allocator-bucket-count=8"
    "memorysetup-profiler-bucket-allocator-block-size=33554432"
    "memorysetup-profiler-bucket-allocator-block-count=8"
    "memorysetup-profiler-allocator-block-size=16777216"
    "memorysetup-profiler-editor-allocator-block-size=1048576"
    "memorysetup-temp-allocator-size-main=16777216"
    "memorysetup-job-temp-allocator-block-size=2097152"
    "memorysetup-job-temp-allocator-block-size-background=1048576"
    "memorysetup-job-temp-allocator-reduction-small-platforms=262144"
    "memorysetup-temp-allocator-size-background-worker=32768"
    "memorysetup-temp-allocator-size-job-worker=262144"
    "memorysetup-temp-allocator-size-preload-manager=33554432"
    "memorysetup-temp-allocator-size-nav-mesh-worker=65536"
    "memorysetup-temp-allocator-size-audio-worker=65536"
    "memorysetup-temp-allocator-size-cloud-worker=32768"
    "memorysetup-temp-allocator-size-gi-baking-worker=262144"
    "memorysetup-temp-allocator-size-gfx=262144"
Player connection [41772] Host "[IP] 26.18.251.41 [Port] 0 [Flags] 2 [Guid] 12108653 [EditorId] 12108653 [Version] 1048832 [Id] WindowsEditor(7,Bobby) [Debug] 1 [PackageName] WindowsEditor [ProjectName] Editor" joined multi-casting on [225.0.0.222:54997]...

Player connection [41772] Host "[IP] 26.18.251.41 [Port] 0 [Flags] 2 [Guid] 12108653 [EditorId] 12108653 [Version] 1048832 [Id] WindowsEditor(7,Bobby) [Debug] 1 [PackageName] WindowsEditor [ProjectName] Editor" joined alternative multi-casting on [225.0.0.222:34997]...

AS: AutoStreaming module initializing.
[Physics::Module] Initialized MultithreadedJobDispatcher with {0} workers.
Refreshing native plugins compatible for Editor in 39.90 ms, found 3 plugins.
Preloading 0 native plugins for Editor in 0.00 ms.
Initialize engine version: 2021.3.45f2c1 (8058fe21db2f)
[Subsystems] Discovering subsystems at path C:/Program Files/Unity/Hub/Editor/2021.3.45f2c1/Editor/Data/Resources/UnitySubsystems
[Subsystems] Discovering subsystems at path C:/Users/Bobby2003/My project (7)/PROG2001-Group4/Assets
GfxDevice: creating device client; threaded=0; jobified=0
Direct3D:
    Version:  Direct3D 11.0 [level 11.1]
    Renderer: NVIDIA GeForce RTX 4060 Laptop GPU (ID=0x28a0)
    Vendor:   NVIDIA
    VRAM:     7957 MB
    Driver:   32.0.15.8097
Initialize mono
Mono path[0] = 'C:/Program Files/Unity/Hub/Editor/2021.3.45f2c1/Editor/Data/Managed'
Mono path[1] = 'C:/Program Files/Unity/Hub/Editor/2021.3.45f2c1/Editor/Data/MonoBleedingEdge/lib/mono/unityjit-win32'
Mono config path = 'C:/Program Files/Unity/Hub/Editor/2021.3.45f2c1/Editor/Data/MonoBleedingEdge/etc'
Using monoOptions --debugger-agent=transport=dt_socket,embedding=1,server=y,suspend=n,address=127.0.0.1:56916
Begin MonoManager ReloadAssembly
Registering precompiled unity dll's ...
Register platform support module: C:/Program Files/Unity/Hub/Editor/2021.3.45f2c1/Editor/Data/PlaybackEngines/WindowsStandaloneSupport/UnityEditor.WindowsStandalone.Extensions.dll
Registered in 0.005284 seconds.
Native extension for WindowsStandalone target not found
Refreshing native plugins compatible for Editor in 40.08 ms, found 3 plugins.
Preloading 0 native plugins for Editor in 0.00 ms.
Mono: successfully reloaded assembly
- Completed reload, in  0.446 seconds
Domain Reload Profiling:
	ReloadAssembly (446ms)
		BeginReloadAssembly (81ms)
			ExecutionOrderSort (0ms)
			DisableScriptedObjects (0ms)
			BackupInstance (0ms)
			ReleaseScriptingObjects (0ms)
			CreateAndSetChildDomain (1ms)
		EndReloadAssembly (295ms)
			LoadAssemblies (78ms)
			RebuildTransferFunctionScriptingTraits (0ms)
			SetupTypeCache (80ms)
			ReleaseScriptCaches (0ms)
			RebuildScriptCaches (20ms)
			SetupLoadedEditorAssemblies (168ms)
				LogAssemblyErrors (0ms)
				InitializePlatformSupportModulesInManaged (6ms)
				SetLoadedEditorAssemblies (0ms)
				RefreshPlugins (40ms)
				BeforeProcessingInitializeOnLoad (1ms)
				ProcessInitializeOnLoadAttributes (87ms)
				ProcessInitializeOnLoadMethodAttributes (35ms)
				AfterProcessingInitializeOnLoad (0ms)
				EditorAssembliesLoaded (0ms)
			ExecutionOrderSort2 (0ms)
			AwakeInstancesAfterBackupRestoration (0ms)
Platform modules already initialized, skipping
Registering precompiled user dll's ...
Registered in 0.003546 seconds.
Begin MonoManager ReloadAssembly
Native extension for WindowsStandalone target not found
Refreshing native plugins compatible for Editor in 0.55 ms, found 3 plugins.
Preloading 0 native plugins for Editor in 0.00 ms.
Package Manager log level set to [2]
[Package Manager] Server::EnsureServerProcessIsRunning -- launch failed, reason: Unity was launched with the -noUpm command-line argument
[Package Manager] Cannot connect to Unity Package Manager local server
Mono: successfully reloaded assembly
- Completed reload, in  1.064 seconds
Domain Reload Profiling:
	ReloadAssembly (1065ms)
		BeginReloadAssembly (97ms)
			ExecutionOrderSort (0ms)
			DisableScriptedObjects (3ms)
			BackupInstance (0ms)
			ReleaseScriptingObjects (0ms)
			CreateAndSetChildDomain (15ms)
		EndReloadAssembly (888ms)
			LoadAssemblies (74ms)
			RebuildTransferFunctionScriptingTraits (0ms)
			SetupTypeCache (147ms)
			ReleaseScriptCaches (0ms)
			RebuildScriptCaches (31ms)
			SetupLoadedEditorAssemblies (629ms)
				LogAssemblyErrors (0ms)
				InitializePlatformSupportModulesInManaged (4ms)
				SetLoadedEditorAssemblies (0ms)
				RefreshPlugins (1ms)
				BeforeProcessingInitializeOnLoad (38ms)
				ProcessInitializeOnLoadAttributes (562ms)
				ProcessInitializeOnLoadMethodAttributes (17ms)
				AfterProcessingInitializeOnLoad (7ms)
				EditorAssembliesLoaded (0ms)
			ExecutionOrderSort2 (0ms)
			AwakeInstancesAfterBackupRestoration (6ms)
Platform modules already initialized, skipping
========================================================================
Worker process is ready to serve import requests
Launched and connected shader compiler UnityShaderCompiler.exe after 0.18 seconds
Refreshing native plugins compatible for Editor in 0.67 ms, found 3 plugins.
Preloading 0 native plugins for Editor in 0.00 ms.
Unloading 3001 Unused Serialized files (Serialized files now loaded: 0)
Unloading 23 unused Assets / (46.9 KB). Loaded Objects now: 3481.
Memory consumption went from 128.8 MB to 128.7 MB.
Total: 3.343600 ms (FindLiveObjects: 0.213500 ms CreateObjectMapping: 0.082700 ms MarkObjects: 2.962800 ms  DeleteObjects: 0.083500 ms)

AssetImportParameters requested are different than current active one (requested -> active):
  custom:video-decoder-ogg-theora: a1e56fd34408186e4bbccfd4996cb3dc -> 
  custom:container-muxer-webm: aa71ff27fc2769a1b78a27578f13a17b -> 
  custom:container-demuxer-webm: 4f35f7cbe854078d1ac9338744f61a02 -> 
  custom:video-encoder-webm-vp8: eb34c28f22e8b96e1ab97ce403110664 -> 
  custom:video-codec-MediaFoundation-h265: 746d11721c4dcdbdad8f713fa42b33f4 -> 
  custom:CustomObjectIndexerAttribute: bc11b3a6c3213fcdd17b65e7da85e133 -> 
  custom:audio-encoder-webm-vorbis: bf7c407c2cedff20999df2af8eb42d56 -> 
  custom:framework-win-MediaFoundation: 216162199b28c13a410421893ffa2e32 -> 
  custom:SearchIndexIgnoredProperties: e643bd26f0fe6173181afceb89e7c659 -> 
  custom:container-demuxer-ogg: 62fdf1f143b41e24485cea50d1cbac27 -> 
  custom:video-decoder-webm-vp8: 9c59270c3fd7afecdb556c50c9e8de78 -> 
  custom:audio-decoder-ogg-vorbis: bf7c407c2cedff20999df2af8eb42d56 -> 
========================================================================
Received Import Request.
  Time since last request: 51230.615975 seconds.
  path: Assets/Package/Lens Flares/Digicam Lens.flare
  artifactKey: Guid(5b3026c31624045d9abe8cdfdcc20776) Importer(815301076,1909f56bfc062723c751e8b465ee728b)
Number of updated assets reloaded before import = 0
Start importing Assets/Package/Lens Flares/Digicam Lens.flare using Guid(5b3026c31624045d9abe8cdfdcc20776) Importer(815301076,1909f56bfc062723c751e8b465ee728b)  -> (artifact id: 'be34cb47cd0a391d27d725a23be22fa5') in 0.069787 seconds 
Number of asset objects unloaded after import = 1
========================================================================
Received Import Request.
  Time since last request: 1.333792 seconds.
  path: Assets/Package/Materials/Road.mat
  artifactKey: Guid(fd404cf5dce5f0248bde49d198b4847b) Importer(815301076,1909f56bfc062723c751e8b465ee728b)
Number of updated assets reloaded before import = 0
Start importing Assets/Package/Materials/Road.mat using Guid(fd404cf5dce5f0248bde49d198b4847b) Importer(815301076,1909f56bfc062723c751e8b465ee728b)  -> (artifact id: '343793ca48babe63899e1b75b2dae6a8') in 0.204305 seconds 
Number of asset objects unloaded after import = 2
========================================================================
Received Import Request.
  Time since last request: 2.078749 seconds.
  path: Assets/Package/Scene Night/Lightmap-2_comp_light.exr
  artifactKey: Guid(d9633f78cb51c7d49b12cc386595190e) Importer(815301076,1909f56bfc062723c751e8b465ee728b)
Number of updated assets reloaded before import = 0
Start importing Assets/Package/Scene Night/Lightmap-2_comp_light.exr using Guid(d9633f78cb51c7d49b12cc386595190e) Importer(815301076,1909f56bfc062723c751e8b465ee728b)  -> (artifact id: 'dd304c40e519dba361bbf810960dce5d') in 0.046524 seconds 
Number of asset objects unloaded after import = 2
========================================================================
Received Import Request.
  Time since last request: 0.000017 seconds.
  path: Assets/Package/Scene Night/Lightmap-24_comp_light.exr
  artifactKey: Guid(479f8340d8fc0da47be9765890f22c23) Importer(815301076,1909f56bfc062723c751e8b465ee728b)
Number of updated assets reloaded before import = 0
Start importing Assets/Package/Scene Night/Lightmap-24_comp_light.exr using Guid(479f8340d8fc0da47be9765890f22c23) Importer(815301076,1909f56bfc062723c751e8b465ee728b)  -> (artifact id: 'd65af4110c65bf5cdcbad4d9038eef06') in 0.041204 seconds 
Number of asset objects unloaded after import = 2
========================================================================
Received Import Request.
  Time since last request: 0.000031 seconds.
  path: Assets/Package/Scene Night/Lightmap-24_comp_dir.png
  artifactKey: Guid(d8319ac609370c74da96accf604ef69b) Importer(815301076,1909f56bfc062723c751e8b465ee728b)
Number of updated assets reloaded before import = 0
Start importing Assets/Package/Scene Night/Lightmap-24_comp_dir.png using Guid(d8319ac609370c74da96accf604ef69b) Importer(815301076,1909f56bfc062723c751e8b465ee728b)  -> (artifact id: 'd0d671a45579418fc87739fc5c40a1ea') in 0.030488 seconds 
Number of asset objects unloaded after import = 2
========================================================================
Received Import Request.
  Time since last request: 0.000030 seconds.
  path: Assets/Package/Scene Night/Lightmap-25_comp_light.exr
  artifactKey: Guid(2dbfb96cacbee044b8ff7fa1c762c3f7) Importer(815301076,1909f56bfc062723c751e8b465ee728b)
Number of updated assets reloaded before import = 0
Start importing Assets/Package/Scene Night/Lightmap-25_comp_light.exr using Guid(2dbfb96cacbee044b8ff7fa1c762c3f7) Importer(815301076,1909f56bfc062723c751e8b465ee728b)  -> (artifact id: 'e6456871db8b66ef9d74f6ab358fe49e') in 0.018988 seconds 
Number of asset objects unloaded after import = 2
========================================================================
Received Import Request.
  Time since last request: 0.000023 seconds.
  path: Assets/Package/Scene Night/Lightmap-3_comp_light.exr
  artifactKey: Guid(dbc4a8d539c53c94e9b0670c54908cf7) Importer(815301076,1909f56bfc062723c751e8b465ee728b)
Number of updated assets reloaded before import = 0
Start importing Assets/Package/Scene Night/Lightmap-3_comp_light.exr using Guid(dbc4a8d539c53c94e9b0670c54908cf7) Importer(815301076,1909f56bfc062723c751e8b465ee728b)  -> (artifact id: 'c8782dfbbe65f2def79caa9fd012863f') in 0.028839 seconds 
Number of asset objects unloaded after import = 2
========================================================================
Received Import Request.
  Time since last request: 0.000018 seconds.
  path: Assets/Package/Scene Night/Lightmap-12_comp_dir.png
  artifactKey: Guid(905cc50980d16ae4bb15f943f9c6751b) Importer(815301076,1909f56bfc062723c751e8b465ee728b)
Number of updated assets reloaded before import = 0
Start importing Assets/Package/Scene Night/Lightmap-12_comp_dir.png using Guid(905cc50980d16ae4bb15f943f9c6751b) Importer(815301076,1909f56bfc062723c751e8b465ee728b)  -> (artifact id: 'e73964677a2f6f98a66a6b8af0c9a9b7') in 0.030699 seconds 
Number of asset objects unloaded after import = 2
========================================================================
Received Import Request.
  Time since last request: 0.000019 seconds.
  path: Assets/Package/Scene Night/Lightmap-5_comp_dir.png
  artifactKey: Guid(79082ae475124044fb334664f4091ef2) Importer(815301076,1909f56bfc062723c751e8b465ee728b)
Number of updated assets reloaded before import = 0
Start importing Assets/Package/Scene Night/Lightmap-5_comp_dir.png using Guid(79082ae475124044fb334664f4091ef2) Importer(815301076,1909f56bfc062723c751e8b465ee728b)  -> (artifact id: 'f65ed3acaeb9f00fd0d964125504133b') in 0.017519 seconds 
Number of asset objects unloaded after import = 2
========================================================================
Received Import Request.
  Time since last request: 2.493754 seconds.
  path: Assets/Package/Texture/Floor.tif
  artifactKey: Guid(04363231810a6784e8b22031f291e87f) Importer(815301076,1909f56bfc062723c751e8b465ee728b)
Number of updated assets reloaded before import = 0
Start importing Assets/Package/Texture/Floor.tif using Guid(04363231810a6784e8b22031f291e87f) Importer(815301076,1909f56bfc062723c751e8b465ee728b)  -> (artifact id: 'e49c10c5d34e269df2810922007a15c9') in 0.051628 seconds 
Number of asset objects unloaded after import = 2
========================================================================
Received Import Request.
  Time since last request: 0.000020 seconds.
  path: Assets/Package/Texture/prop texture2.tif
  artifactKey: Guid(ec4bd071a680ca1489e6cf1499e103d9) Importer(815301076,1909f56bfc062723c751e8b465ee728b)
Number of updated assets reloaded before import = 0
Start importing Assets/Package/Texture/prop texture2.tif using Guid(ec4bd071a680ca1489e6cf1499e103d9) Importer(815301076,1909f56bfc062723c751e8b465ee728b)  -> (artifact id: 'f2cb2bb64b7ba51db8cfeb5726b00429') in 0.028292 seconds 
Number of asset objects unloaded after import = 2
========================================================================
Received Import Request.
  Time since last request: 2.207251 seconds.
  path: Assets/Package/FBX/banner4.FBX
  artifactKey: Guid(13d2c6329e9824d429777c9b6120c623) Importer(815301076,1909f56bfc062723c751e8b465ee728b)
Number of updated assets reloaded before import = 0
Start importing Assets/Package/FBX/banner4.FBX using Guid(13d2c6329e9824d429777c9b6120c623) Importer(815301076,1909f56bfc062723c751e8b465ee728b)  -> (artifact id: '5f4b384c660cb5a602e910cb2b077eeb') in 0.183812 seconds 
Number of asset objects unloaded after import = 14
========================================================================
Received Import Request.
  Time since last request: 0.000025 seconds.
  path: Assets/Package/FBX/banner9d.FBX
  artifactKey: Guid(76f27735f99085c43974b5ab9b370718) Importer(815301076,1909f56bfc062723c751e8b465ee728b)
Number of updated assets reloaded before import = 0
Start importing Assets/Package/FBX/banner9d.FBX using Guid(76f27735f99085c43974b5ab9b370718) Importer(815301076,1909f56bfc062723c751e8b465ee728b)  -> (artifact id: 'd7dbf1d836e2032a1003c60a5ad3793f') in 0.039194 seconds 
Number of asset objects unloaded after import = 14
========================================================================
Received Import Request.
  Time since last request: 0.000040 seconds.
  path: Assets/Package/FBX/banner5c.FBX
  artifactKey: Guid(4e826123b27d0764eb6e9699b0ed5ddb) Importer(815301076,1909f56bfc062723c751e8b465ee728b)
Number of updated assets reloaded before import = 0
Start importing Assets/Package/FBX/banner5c.FBX using Guid(4e826123b27d0764eb6e9699b0ed5ddb) Importer(815301076,1909f56bfc062723c751e8b465ee728b)  -> (artifact id: '93051c2ffaa5ffd7ec0892e011f3fb0c') in 0.038407 seconds 
Number of asset objects unloaded after import = 14
========================================================================
Received Import Request.
  Time since last request: 0.000019 seconds.
  path: Assets/Package/FBX/floor1.FBX
  artifactKey: Guid(58c1023335fc3c04892cd81259bc62f6) Importer(815301076,1909f56bfc062723c751e8b465ee728b)
Number of updated assets reloaded before import = 0
Start importing Assets/Package/FBX/floor1.FBX using Guid(58c1023335fc3c04892cd81259bc62f6) Importer(815301076,1909f56bfc062723c751e8b465ee728b)  -> (artifact id: '377f3f840f6e6f3571b8bc0368cd52a9') in 0.039416 seconds 
Number of asset objects unloaded after import = 13
========================================================================
Received Import Request.
  Time since last request: 0.000023 seconds.
  path: Assets/Package/FBX/banner13a.FBX
  artifactKey: Guid(79c3a0385824a00409a0b67c03101e04) Importer(815301076,1909f56bfc062723c751e8b465ee728b)
Number of updated assets reloaded before import = 0
Start importing Assets/Package/FBX/banner13a.FBX using Guid(79c3a0385824a00409a0b67c03101e04) Importer(815301076,1909f56bfc062723c751e8b465ee728b)  -> (artifact id: '06f54732cac72d3af7964557427411df') in 0.034067 seconds 
Number of asset objects unloaded after import = 14
========================================================================
Received Import Request.
  Time since last request: 0.000022 seconds.
  path: Assets/Package/FBX/Classical Building 05.FBX
  artifactKey: Guid(f90443e4b0fc65b48b574cd4182df012) Importer(815301076,1909f56bfc062723c751e8b465ee728b)
Number of updated assets reloaded before import = 0
Start importing Assets/Package/FBX/Classical Building 05.FBX using Guid(f90443e4b0fc65b48b574cd4182df012) Importer(815301076,1909f56bfc062723c751e8b465ee728b)  -> (artifact id: 'd08f4b04a9cbb1db5f6ee37b1420cc00') in 0.434780 seconds 
Number of asset objects unloaded after import = 16
========================================================================
Received Import Request.
  Time since last request: 0.000025 seconds.
  path: Assets/Package/FBX/banner6b.FBX
  artifactKey: Guid(33035cb9fd75b59488a5f12582e04e52) Importer(815301076,1909f56bfc062723c751e8b465ee728b)
Number of updated assets reloaded before import = 0
Start importing Assets/Package/FBX/banner6b.FBX using Guid(33035cb9fd75b59488a5f12582e04e52) Importer(815301076,1909f56bfc062723c751e8b465ee728b)  -> (artifact id: '08a9bc9702fb378e9197e0e6dc907473') in 0.025604 seconds 
Number of asset objects unloaded after import = 14
Editor requested this worker to shutdown with reason: Scaling down because of idle timeout
AssetImportWorker is now disconnected from the server
Process exiting
Exiting without the bug reporter. Application will terminate with return code 0