Using pre-set license
Built from '2021.3/china_unity/release' branch; Version is '2021.3.45f2c1 (8058fe21db2f) revision 8411390'; Using compiler version '192829333'; Build Type 'Release'
OS: 'Windows 11  (10.0.26200) 64bit Professional' Language: 'zh' Physical Memory: 32388 MB
BatchMode: 1, IsHumanControllingUs: 0, StartBugReporterOnCrash: 0, Is64bit: 1, IsPro: 1

COMMAND LINE ARGUMENTS:
C:\Program Files\Unity\Hub\Editor\2021.3.45f2c1\Editor\Unity.exe
-adb2
-batchMode
-noUpm
-name
AssetImportWorker12
-projectPath
C:/Users/Bobby2003/My project (7)/PROG2001-Group4
-logFile
Logs/AssetImportWorker12.log
-srvPort
60995
Successfully changed project path to: C:/Users/Bobby2003/My project (7)/PROG2001-Group4
C:/Users/Bobby2003/My project (7)/PROG2001-Group4
[UnityMemory] Configuration Parameters - Can be set up in boot.config
    "memorysetup-bucket-allocator-granularity=16"
    "memorysetup-bucket-allocator-bucket-count=8"
    "memorysetup-bucket-allocator-block-size=33554432"
    "memorysetup-bucket-allocator-block-count=8"
    "memorysetup-main-allocator-block-size=16777216"
    "memorysetup-thread-allocator-block-size=16777216"
    "memorysetup-gfx-main-allocator-block-size=16777216"
    "memorysetup-gfx-thread-allocator-block-size=16777216"
    "memorysetup-cache-allocator-block-size=4194304"
    "memorysetup-typetree-allocator-block-size=2097152"
    "memorysetup-profiler-bucket-allocator-granularity=16"
    "memorysetup-profiler-bucket-allocator-bucket-count=8"
    "memorysetup-profiler-bucket-allocator-block-size=33554432"
    "memorysetup-profiler-bucket-allocator-block-count=8"
    "memorysetup-profiler-allocator-block-size=16777216"
    "memorysetup-profiler-editor-allocator-block-size=1048576"
    "memorysetup-temp-allocator-size-main=16777216"
    "memorysetup-job-temp-allocator-block-size=2097152"
    "memorysetup-job-temp-allocator-block-size-background=1048576"
    "memorysetup-job-temp-allocator-reduction-small-platforms=262144"
    "memorysetup-temp-allocator-size-background-worker=32768"
    "memorysetup-temp-allocator-size-job-worker=262144"
    "memorysetup-temp-allocator-size-preload-manager=33554432"
    "memorysetup-temp-allocator-size-nav-mesh-worker=65536"
    "memorysetup-temp-allocator-size-audio-worker=65536"
    "memorysetup-temp-allocator-size-cloud-worker=32768"
    "memorysetup-temp-allocator-size-gi-baking-worker=262144"
    "memorysetup-temp-allocator-size-gfx=262144"
Player connection [52624] Host "[IP] 26.18.251.41 [Port] 0 [Flags] 2 [Guid] 2328422495 [EditorId] 2328422495 [Version] 1048832 [Id] WindowsEditor(7,Bobby) [Debug] 1 [PackageName] WindowsEditor [ProjectName] Editor" joined multi-casting on [225.0.0.222:54997]...

Player connection [52624] Host "[IP] 26.18.251.41 [Port] 0 [Flags] 2 [Guid] 2328422495 [EditorId] 2328422495 [Version] 1048832 [Id] WindowsEditor(7,Bobby) [Debug] 1 [PackageName] WindowsEditor [ProjectName] Editor" joined alternative multi-casting on [225.0.0.222:34997]...

AS: AutoStreaming module initializing.
[Physics::Module] Initialized MultithreadedJobDispatcher with {0} workers.
Refreshing native plugins compatible for Editor in 34.86 ms, found 3 plugins.
Preloading 0 native plugins for Editor in 0.00 ms.
Initialize engine version: 2021.3.45f2c1 (8058fe21db2f)
[Subsystems] Discovering subsystems at path C:/Program Files/Unity/Hub/Editor/2021.3.45f2c1/Editor/Data/Resources/UnitySubsystems
[Subsystems] Discovering subsystems at path C:/Users/Bobby2003/My project (7)/PROG2001-Group4/Assets
GfxDevice: creating device client; threaded=0; jobified=0
Direct3D:
    Version:  Direct3D 11.0 [level 11.1]
    Renderer: NVIDIA GeForce RTX 4060 Laptop GPU (ID=0x28a0)
    Vendor:   NVIDIA
    VRAM:     7957 MB
    Driver:   32.0.15.8097
Initialize mono
Mono path[0] = 'C:/Program Files/Unity/Hub/Editor/2021.3.45f2c1/Editor/Data/Managed'
Mono path[1] = 'C:/Program Files/Unity/Hub/Editor/2021.3.45f2c1/Editor/Data/MonoBleedingEdge/lib/mono/unityjit-win32'
Mono config path = 'C:/Program Files/Unity/Hub/Editor/2021.3.45f2c1/Editor/Data/MonoBleedingEdge/etc'
Using monoOptions --debugger-agent=transport=dt_socket,embedding=1,server=y,suspend=n,address=127.0.0.1:56300
Begin MonoManager ReloadAssembly
Registering precompiled unity dll's ...
Register platform support module: C:/Program Files/Unity/Hub/Editor/2021.3.45f2c1/Editor/Data/PlaybackEngines/WindowsStandaloneSupport/UnityEditor.WindowsStandalone.Extensions.dll
Registered in 0.004632 seconds.
Native extension for WindowsStandalone target not found
Refreshing native plugins compatible for Editor in 34.99 ms, found 3 plugins.
Preloading 0 native plugins for Editor in 0.00 ms.
Mono: successfully reloaded assembly
- Completed reload, in  0.406 seconds
Domain Reload Profiling:
	ReloadAssembly (406ms)
		BeginReloadAssembly (68ms)
			ExecutionOrderSort (0ms)
			DisableScriptedObjects (0ms)
			BackupInstance (0ms)
			ReleaseScriptingObjects (0ms)
			CreateAndSetChildDomain (1ms)
		EndReloadAssembly (275ms)
			LoadAssemblies (66ms)
			RebuildTransferFunctionScriptingTraits (0ms)
			SetupTypeCache (74ms)
			ReleaseScriptCaches (0ms)
			RebuildScriptCaches (16ms)
			SetupLoadedEditorAssemblies (155ms)
				LogAssemblyErrors (0ms)
				InitializePlatformSupportModulesInManaged (5ms)
				SetLoadedEditorAssemblies (0ms)
				RefreshPlugins (35ms)
				BeforeProcessingInitializeOnLoad (1ms)
				ProcessInitializeOnLoadAttributes (82ms)
				ProcessInitializeOnLoadMethodAttributes (32ms)
				AfterProcessingInitializeOnLoad (0ms)
				EditorAssembliesLoaded (0ms)
			ExecutionOrderSort2 (0ms)
			AwakeInstancesAfterBackupRestoration (0ms)
Platform modules already initialized, skipping
Registering precompiled user dll's ...
Registered in 0.003546 seconds.
Begin MonoManager ReloadAssembly
Native extension for WindowsStandalone target not found
Refreshing native plugins compatible for Editor in 0.47 ms, found 3 plugins.
Preloading 0 native plugins for Editor in 0.00 ms.
Package Manager log level set to [2]
[Package Manager] Server::EnsureServerProcessIsRunning -- launch failed, reason: Unity was launched with the -noUpm command-line argument
[Package Manager] Cannot connect to Unity Package Manager local server
Mono: successfully reloaded assembly
- Completed reload, in  0.994 seconds
Domain Reload Profiling:
	ReloadAssembly (994ms)
		BeginReloadAssembly (92ms)
			ExecutionOrderSort (0ms)
			DisableScriptedObjects (4ms)
			BackupInstance (0ms)
			ReleaseScriptingObjects (0ms)
			CreateAndSetChildDomain (12ms)
		EndReloadAssembly (836ms)
			LoadAssemblies (74ms)
			RebuildTransferFunctionScriptingTraits (0ms)
			SetupTypeCache (148ms)
			ReleaseScriptCaches (0ms)
			RebuildScriptCaches (32ms)
			SetupLoadedEditorAssemblies (582ms)
				LogAssemblyErrors (0ms)
				InitializePlatformSupportModulesInManaged (4ms)
				SetLoadedEditorAssemblies (0ms)
				RefreshPlugins (1ms)
				BeforeProcessingInitializeOnLoad (36ms)
				ProcessInitializeOnLoadAttributes (521ms)
				ProcessInitializeOnLoadMethodAttributes (13ms)
				AfterProcessingInitializeOnLoad (7ms)
				EditorAssembliesLoaded (0ms)
			ExecutionOrderSort2 (0ms)
			AwakeInstancesAfterBackupRestoration (6ms)
Platform modules already initialized, skipping
========================================================================
Worker process is ready to serve import requests
Launched and connected shader compiler UnityShaderCompiler.exe after 0.07 seconds
Refreshing native plugins compatible for Editor in 0.81 ms, found 3 plugins.
Preloading 0 native plugins for Editor in 0.00 ms.
Unloading 3000 Unused Serialized files (Serialized files now loaded: 0)
Unloading 23 unused Assets / (46.9 KB). Loaded Objects now: 3478.
Memory consumption went from 127.7 MB to 127.7 MB.
Total: 2.780800 ms (FindLiveObjects: 0.167600 ms CreateObjectMapping: 0.049000 ms MarkObjects: 2.485800 ms  DeleteObjects: 0.077400 ms)

AssetImportParameters requested are different than current active one (requested -> active):
  custom:video-decoder-ogg-theora: a1e56fd34408186e4bbccfd4996cb3dc -> 
  custom:container-muxer-webm: aa71ff27fc2769a1b78a27578f13a17b -> 
  custom:container-demuxer-webm: 4f35f7cbe854078d1ac9338744f61a02 -> 
  custom:video-encoder-webm-vp8: eb34c28f22e8b96e1ab97ce403110664 -> 
  custom:video-codec-MediaFoundation-h265: 746d11721c4dcdbdad8f713fa42b33f4 -> 
  custom:CustomObjectIndexerAttribute: bc11b3a6c3213fcdd17b65e7da85e133 -> 
  custom:audio-encoder-webm-vorbis: bf7c407c2cedff20999df2af8eb42d56 -> 
  custom:framework-win-MediaFoundation: 216162199b28c13a410421893ffa2e32 -> 
  custom:SearchIndexIgnoredProperties: e643bd26f0fe6173181afceb89e7c659 -> 
  custom:container-demuxer-ogg: 62fdf1f143b41e24485cea50d1cbac27 -> 
  custom:video-decoder-webm-vp8: 9c59270c3fd7afecdb556c50c9e8de78 -> 
  custom:audio-decoder-ogg-vorbis: bf7c407c2cedff20999df2af8eb42d56 -> 
========================================================================
Received Import Request.
  Time since last request: 50828.388020 seconds.
  path: Assets/Quirky Series Ultimate/Quirky Series Vol.1/Pets Vol.1/Animations/Dog_Animations.fbx
  artifactKey: Guid(3260cc258d691cb49a3217333feb794e) Importer(815301076,1909f56bfc062723c751e8b465ee728b)
Number of updated assets reloaded before import = 0
Start importing Assets/Quirky Series Ultimate/Quirky Series Vol.1/Pets Vol.1/Animations/Dog_Animations.fbx using Guid(3260cc258d691cb49a3217333feb794e) Importer(815301076,1909f56bfc062723c751e8b465ee728b)  -> (artifact id: '1d7c3895ef1af2aed13d3dc426d2e005') in 0.196507 seconds 
Number of asset objects unloaded after import = 56
========================================================================
Received Prepare
Registering precompiled user dll's ...
Registered in 0.004421 seconds.
Begin MonoManager ReloadAssembly
Native extension for WindowsStandalone target not found
Refreshing native plugins compatible for Editor in 0.80 ms, found 3 plugins.
Preloading 0 native plugins for Editor in 0.00 ms.
[Package Manager] Server::EnsureServerProcessIsRunning -- launch failed, reason: Unity was launched with the -noUpm command-line argument
[Package Manager] Cannot connect to Unity Package Manager local server
Mono: successfully reloaded assembly
- Completed reload, in  1.078 seconds
Domain Reload Profiling:
	ReloadAssembly (1079ms)
		BeginReloadAssembly (106ms)
			ExecutionOrderSort (0ms)
			DisableScriptedObjects (4ms)
			BackupInstance (0ms)
			ReleaseScriptingObjects (0ms)
			CreateAndSetChildDomain (22ms)
		EndReloadAssembly (910ms)
			LoadAssemblies (71ms)
			RebuildTransferFunctionScriptingTraits (0ms)
			SetupTypeCache (138ms)
			ReleaseScriptCaches (1ms)
			RebuildScriptCaches (29ms)
			SetupLoadedEditorAssemblies (657ms)
				LogAssemblyErrors (0ms)
				InitializePlatformSupportModulesInManaged (6ms)
				SetLoadedEditorAssemblies (0ms)
				RefreshPlugins (1ms)
				BeforeProcessingInitializeOnLoad (44ms)
				ProcessInitializeOnLoadAttributes (584ms)
				ProcessInitializeOnLoadMethodAttributes (15ms)
				AfterProcessingInitializeOnLoad (7ms)
				EditorAssembliesLoaded (0ms)
			ExecutionOrderSort2 (0ms)
			AwakeInstancesAfterBackupRestoration (5ms)
Platform modules already initialized, skipping
Refreshing native plugins compatible for Editor in 0.86 ms, found 3 plugins.
Preloading 0 native plugins for Editor in 0.00 ms.
Unloading 2962 Unused Serialized files (Serialized files now loaded: 0)
Unloading 18 unused Assets / (21.9 KB). Loaded Objects now: 3493.
Memory consumption went from 135.7 MB to 135.7 MB.
Total: 3.760300 ms (FindLiveObjects: 0.299900 ms CreateObjectMapping: 0.086400 ms MarkObjects: 3.332300 ms  DeleteObjects: 0.039900 ms)

AssetImportParameters requested are different than current active one (requested -> active):
  custom:video-decoder-ogg-theora: a1e56fd34408186e4bbccfd4996cb3dc -> 
  custom:container-muxer-webm: aa71ff27fc2769a1b78a27578f13a17b -> 
  custom:container-demuxer-webm: 4f35f7cbe854078d1ac9338744f61a02 -> 
  custom:video-encoder-webm-vp8: eb34c28f22e8b96e1ab97ce403110664 -> 
  custom:video-codec-MediaFoundation-h265: 746d11721c4dcdbdad8f713fa42b33f4 -> 
  custom:CustomObjectIndexerAttribute: bc11b3a6c3213fcdd17b65e7da85e133 -> 
  custom:audio-encoder-webm-vorbis: bf7c407c2cedff20999df2af8eb42d56 -> 
  custom:framework-win-MediaFoundation: 216162199b28c13a410421893ffa2e32 -> 
  custom:SearchIndexIgnoredProperties: e643bd26f0fe6173181afceb89e7c659 -> 
  custom:container-demuxer-ogg: 62fdf1f143b41e24485cea50d1cbac27 -> 
  custom:video-decoder-webm-vp8: 9c59270c3fd7afecdb556c50c9e8de78 -> 
  custom:audio-decoder-ogg-vorbis: bf7c407c2cedff20999df2af8eb42d56 -> 
========================================================================
Received Prepare
Registering precompiled user dll's ...
Registered in 0.003783 seconds.
Begin MonoManager ReloadAssembly
Native extension for WindowsStandalone target not found
Refreshing native plugins compatible for Editor in 0.85 ms, found 3 plugins.
Preloading 0 native plugins for Editor in 0.00 ms.
[Package Manager] Server::EnsureServerProcessIsRunning -- launch failed, reason: Unity was launched with the -noUpm command-line argument
[Package Manager] Cannot connect to Unity Package Manager local server
Mono: successfully reloaded assembly
- Completed reload, in  1.024 seconds
Domain Reload Profiling:
	ReloadAssembly (1025ms)
		BeginReloadAssembly (98ms)
			ExecutionOrderSort (0ms)
			DisableScriptedObjects (3ms)
			BackupInstance (0ms)
			ReleaseScriptingObjects (0ms)
			CreateAndSetChildDomain (19ms)
		EndReloadAssembly (863ms)
			LoadAssemblies (72ms)
			RebuildTransferFunctionScriptingTraits (0ms)
			SetupTypeCache (129ms)
			ReleaseScriptCaches (1ms)
			RebuildScriptCaches (24ms)
			SetupLoadedEditorAssemblies (618ms)
				LogAssemblyErrors (0ms)
				InitializePlatformSupportModulesInManaged (5ms)
				SetLoadedEditorAssemblies (0ms)
				RefreshPlugins (1ms)
				BeforeProcessingInitializeOnLoad (35ms)
				ProcessInitializeOnLoadAttributes (546ms)
				ProcessInitializeOnLoadMethodAttributes (20ms)
				AfterProcessingInitializeOnLoad (11ms)
				EditorAssembliesLoaded (0ms)
			ExecutionOrderSort2 (0ms)
			AwakeInstancesAfterBackupRestoration (9ms)
Platform modules already initialized, skipping
Refreshing native plugins compatible for Editor in 0.75 ms, found 3 plugins.
Preloading 0 native plugins for Editor in 0.00 ms.
Unloading 2962 Unused Serialized files (Serialized files now loaded: 0)
Unloading 18 unused Assets / (22.0 KB). Loaded Objects now: 3496.
Memory consumption went from 135.7 MB to 135.7 MB.
Total: 3.045300 ms (FindLiveObjects: 0.313700 ms CreateObjectMapping: 0.063100 ms MarkObjects: 2.644000 ms  DeleteObjects: 0.022600 ms)

AssetImportParameters requested are different than current active one (requested -> active):
  custom:video-decoder-ogg-theora: a1e56fd34408186e4bbccfd4996cb3dc -> 
  custom:container-muxer-webm: aa71ff27fc2769a1b78a27578f13a17b -> 
  custom:container-demuxer-webm: 4f35f7cbe854078d1ac9338744f61a02 -> 
  custom:video-encoder-webm-vp8: eb34c28f22e8b96e1ab97ce403110664 -> 
  custom:video-codec-MediaFoundation-h265: 746d11721c4dcdbdad8f713fa42b33f4 -> 
  custom:CustomObjectIndexerAttribute: bc11b3a6c3213fcdd17b65e7da85e133 -> 
  custom:audio-encoder-webm-vorbis: bf7c407c2cedff20999df2af8eb42d56 -> 
  custom:framework-win-MediaFoundation: 216162199b28c13a410421893ffa2e32 -> 
  custom:SearchIndexIgnoredProperties: e643bd26f0fe6173181afceb89e7c659 -> 
  custom:container-demuxer-ogg: 62fdf1f143b41e24485cea50d1cbac27 -> 
  custom:video-decoder-webm-vp8: 9c59270c3fd7afecdb556c50c9e8de78 -> 
  custom:audio-decoder-ogg-vorbis: bf7c407c2cedff20999df2af8eb42d56 -> 
========================================================================
Received Import Request.
  Time since last request: 379.951474 seconds.
  path: Assets/Package/LUT Day.png
  artifactKey: Guid(3c78e2d1cfe2bc949988b7e8b42bbcb7) Importer(815301076,1909f56bfc062723c751e8b465ee728b)
Number of updated assets reloaded before import = 0
Start importing Assets/Package/LUT Day.png using Guid(3c78e2d1cfe2bc949988b7e8b42bbcb7) Importer(815301076,1909f56bfc062723c751e8b465ee728b)  -> (artifact id: '9ee416af19afe9ef0dee4a4e60587e26') in 0.057911 seconds 
Number of asset objects unloaded after import = 2
========================================================================
Received Import Request.
  Time since last request: 0.000040 seconds.
  path: Assets/Package/LUT Night.png
  artifactKey: Guid(ec5d215c29a8ca54db3f209f0f0b3449) Importer(815301076,1909f56bfc062723c751e8b465ee728b)
Number of updated assets reloaded before import = 0
Start importing Assets/Package/LUT Night.png using Guid(ec5d215c29a8ca54db3f209f0f0b3449) Importer(815301076,1909f56bfc062723c751e8b465ee728b)  -> (artifact id: '3f02ed5d727c04c17a1eb27353e60086') in 0.017170 seconds 
Number of asset objects unloaded after import = 2
========================================================================
Received Import Request.
  Time since last request: 0.000025 seconds.
  path: Assets/Package/Night.cubemap
  artifactKey: Guid(2834351be8e07a540af2ca8a170f58db) Importer(815301076,1909f56bfc062723c751e8b465ee728b)
Number of updated assets reloaded before import = 0
Start importing Assets/Package/Night.cubemap using Guid(2834351be8e07a540af2ca8a170f58db) Importer(815301076,1909f56bfc062723c751e8b465ee728b)  -> (artifact id: 'f47bf454f62f9a7ab470e3ee0a8dd8c2') in 0.248295 seconds 
Number of asset objects unloaded after import = 1
========================================================================
Received Import Request.
  Time since last request: 5.797109 seconds.
  path: Assets/Package/Scene/Lightmap-0_comp_dir.png
  artifactKey: Guid(6ec9c96eb1f490d418960ef35b13a997) Importer(815301076,1909f56bfc062723c751e8b465ee728b)
Number of updated assets reloaded before import = 0
Start importing Assets/Package/Scene/Lightmap-0_comp_dir.png using Guid(6ec9c96eb1f490d418960ef35b13a997) Importer(815301076,1909f56bfc062723c751e8b465ee728b)  -> (artifact id: '98935ee24dbf9365983988201726c824') in 0.020612 seconds 
Number of asset objects unloaded after import = 2
========================================================================
Received Import Request.
  Time since last request: 0.000033 seconds.
  path: Assets/Package/Scene/Lightmap-3_comp_dir.png
  artifactKey: Guid(cb8d389a934172b43942d336f68c8921) Importer(815301076,1909f56bfc062723c751e8b465ee728b)
Number of updated assets reloaded before import = 0
Start importing Assets/Package/Scene/Lightmap-3_comp_dir.png using Guid(cb8d389a934172b43942d336f68c8921) Importer(815301076,1909f56bfc062723c751e8b465ee728b)  -> (artifact id: '09e98e7a4e196d61500f65f41d4ee968') in 0.018317 seconds 
Number of asset objects unloaded after import = 2
========================================================================
Received Import Request.
  Time since last request: 0.002423 seconds.
  path: Assets/Package/Scene/Lightmap-4_comp_light.exr
  artifactKey: Guid(e900e90d0d148c74e9c5cd5cdb91924b) Importer(815301076,1909f56bfc062723c751e8b465ee728b)
Number of updated assets reloaded before import = 0
Start importing Assets/Package/Scene/Lightmap-4_comp_light.exr using Guid(e900e90d0d148c74e9c5cd5cdb91924b) Importer(815301076,1909f56bfc062723c751e8b465ee728b)  -> (artifact id: 'f80a0482ea58a12386901bd7a63b521b') in 0.046582 seconds 
Number of asset objects unloaded after import = 2
========================================================================
Received Import Request.
  Time since last request: 0.000021 seconds.
  path: Assets/Package/Scene/Lightmap-13_comp_dir.png
  artifactKey: Guid(7587465c23b6f3940bb1a88cd81bc6cb) Importer(815301076,1909f56bfc062723c751e8b465ee728b)
Number of updated assets reloaded before import = 0
Start importing Assets/Package/Scene/Lightmap-13_comp_dir.png using Guid(7587465c23b6f3940bb1a88cd81bc6cb) Importer(815301076,1909f56bfc062723c751e8b465ee728b)  -> (artifact id: '12441b04a9eeb1675b5efa631cfc8279') in 0.023187 seconds 
Number of asset objects unloaded after import = 2
========================================================================
Received Import Request.
  Time since last request: 0.000020 seconds.
  path: Assets/Package/Scene/Lightmap-22_comp_dir.png
  artifactKey: Guid(1b064da32164ecb4b947e3817923595c) Importer(815301076,1909f56bfc062723c751e8b465ee728b)
Number of updated assets reloaded before import = 0
Start importing Assets/Package/Scene/Lightmap-22_comp_dir.png using Guid(1b064da32164ecb4b947e3817923595c) Importer(815301076,1909f56bfc062723c751e8b465ee728b)  -> (artifact id: '76ef73069b0fbc8ca94aca83db50f72f') in 0.021394 seconds 
Number of asset objects unloaded after import = 2
========================================================================
Received Import Request.
  Time since last request: 0.000025 seconds.
  path: Assets/Package/Scene/Lightmap-21_comp_dir.png
  artifactKey: Guid(fc2b8a89f77fc3f4bb319eca6e3f4c11) Importer(815301076,1909f56bfc062723c751e8b465ee728b)
Number of updated assets reloaded before import = 0
Start importing Assets/Package/Scene/Lightmap-21_comp_dir.png using Guid(fc2b8a89f77fc3f4bb319eca6e3f4c11) Importer(815301076,1909f56bfc062723c751e8b465ee728b)  -> (artifact id: '391b78db8c846ddfe9ec7e6224a484ab') in 0.021960 seconds 
Number of asset objects unloaded after import = 2
========================================================================
Received Import Request.
  Time since last request: 0.000022 seconds.
  path: Assets/Package/Scene/Lightmap-11_comp_light.exr
  artifactKey: Guid(796bb05bf20deda4da6d75601009eeab) Importer(815301076,1909f56bfc062723c751e8b465ee728b)
Number of updated assets reloaded before import = 0
Start importing Assets/Package/Scene/Lightmap-11_comp_light.exr using Guid(796bb05bf20deda4da6d75601009eeab) Importer(815301076,1909f56bfc062723c751e8b465ee728b)  -> (artifact id: '2116578afc7bbd8d7cf3b721ac86bad5') in 0.022251 seconds 
Number of asset objects unloaded after import = 2
========================================================================
Received Import Request.
  Time since last request: 0.000121 seconds.
  path: Assets/Package/Scene/Lightmap-17_comp_light.exr
  artifactKey: Guid(15df53b1239582e46b810496be6d2ce8) Importer(815301076,1909f56bfc062723c751e8b465ee728b)
Number of updated assets reloaded before import = 0
Start importing Assets/Package/Scene/Lightmap-17_comp_light.exr using Guid(15df53b1239582e46b810496be6d2ce8) Importer(815301076,1909f56bfc062723c751e8b465ee728b)  -> (artifact id: '6fe3c54fdea9295c506294690133ba83') in 0.024087 seconds 
Number of asset objects unloaded after import = 2
========================================================================
Received Import Request.
  Time since last request: 0.000023 seconds.
  path: Assets/Package/Scene/Lightmap-16_comp_light.exr
  artifactKey: Guid(d7e6151f81042bf40862bab592a5345a) Importer(815301076,1909f56bfc062723c751e8b465ee728b)
Number of updated assets reloaded before import = 0
Start importing Assets/Package/Scene/Lightmap-16_comp_light.exr using Guid(d7e6151f81042bf40862bab592a5345a) Importer(815301076,1909f56bfc062723c751e8b465ee728b)  -> (artifact id: 'fca73f3010a444556bf4206134437a0c') in 0.022297 seconds 
Number of asset objects unloaded after import = 2
========================================================================
Received Import Request.
  Time since last request: 0.000018 seconds.
  path: Assets/Package/Scene/Lightmap-26_comp_dir.png
  artifactKey: Guid(1ae95463c21ffff4585c69bfdb011705) Importer(815301076,1909f56bfc062723c751e8b465ee728b)
Number of updated assets reloaded before import = 0
Start importing Assets/Package/Scene/Lightmap-26_comp_dir.png using Guid(1ae95463c21ffff4585c69bfdb011705) Importer(815301076,1909f56bfc062723c751e8b465ee728b)  -> (artifact id: 'ca5b35b874961505aa062c750ba69d06') in 0.026921 seconds 
Number of asset objects unloaded after import = 2
========================================================================
Received Import Request.
  Time since last request: 0.000021 seconds.
  path: Assets/Package/Scene/Lightmap-14_comp_dir.png
  artifactKey: Guid(9b4f8acbbc80be943987ec1ca2090db4) Importer(815301076,1909f56bfc062723c751e8b465ee728b)
Number of updated assets reloaded before import = 0
Start importing Assets/Package/Scene/Lightmap-14_comp_dir.png using Guid(9b4f8acbbc80be943987ec1ca2090db4) Importer(815301076,1909f56bfc062723c751e8b465ee728b)  -> (artifact id: 'a25f224c887d90aeb47e86e50ef7dc56') in 0.020204 seconds 
Number of asset objects unloaded after import = 2
========================================================================
Received Import Request.
  Time since last request: 0.000020 seconds.
  path: Assets/Package/Scene/Lightmap-19_comp_dir.png
  artifactKey: Guid(f8248dbb070442c47a3fd59b28fcc0e8) Importer(815301076,1909f56bfc062723c751e8b465ee728b)
Number of updated assets reloaded before import = 0
Start importing Assets/Package/Scene/Lightmap-19_comp_dir.png using Guid(f8248dbb070442c47a3fd59b28fcc0e8) Importer(815301076,1909f56bfc062723c751e8b465ee728b)  -> (artifact id: 'd53ed53c7c07958bfb6d69236cbe8a7a') in 0.023382 seconds 
Number of asset objects unloaded after import = 2
========================================================================
Received Import Request.
  Time since last request: 0.000021 seconds.
  path: Assets/Package/Scene/Lightmap-27_comp_light.exr
  artifactKey: Guid(fbb65f9adf3ce4343a4ddc5183cb7498) Importer(815301076,1909f56bfc062723c751e8b465ee728b)
Number of updated assets reloaded before import = 0
Start importing Assets/Package/Scene/Lightmap-27_comp_light.exr using Guid(fbb65f9adf3ce4343a4ddc5183cb7498) Importer(815301076,1909f56bfc062723c751e8b465ee728b)  -> (artifact id: '846ac3860fdba0ec3faec1a7a782881c') in 0.021134 seconds 
Number of asset objects unloaded after import = 2
========================================================================
Received Import Request.
  Time since last request: 0.000025 seconds.
  path: Assets/Package/Scene/Lightmap-17_comp_dir.png
  artifactKey: Guid(f94c11742413f5542bfc46d3f859317c) Importer(815301076,1909f56bfc062723c751e8b465ee728b)
Number of updated assets reloaded before import = 0
Start importing Assets/Package/Scene/Lightmap-17_comp_dir.png using Guid(f94c11742413f5542bfc46d3f859317c) Importer(815301076,1909f56bfc062723c751e8b465ee728b)  -> (artifact id: 'cc128caf94f9f5beeba4e03ee6bae664') in 0.031341 seconds 
Number of asset objects unloaded after import = 2
========================================================================
Received Import Request.
  Time since last request: 0.000018 seconds.
  path: Assets/Package/Scene/Lightmap-22_comp_light.exr
  artifactKey: Guid(347a1cb2d14f82f48933fc09d0861092) Importer(815301076,1909f56bfc062723c751e8b465ee728b)
Number of updated assets reloaded before import = 0
Start importing Assets/Package/Scene/Lightmap-22_comp_light.exr using Guid(347a1cb2d14f82f48933fc09d0861092) Importer(815301076,1909f56bfc062723c751e8b465ee728b)  -> (artifact id: '701732865ec50a6c6ec96677884645ef') in 0.027022 seconds 
Number of asset objects unloaded after import = 2
========================================================================
Received Import Request.
  Time since last request: 0.000017 seconds.
  path: Assets/Package/Scene/Lightmap-24_comp_light.exr
  artifactKey: Guid(04dd03705acc65a4f8a247569f415c51) Importer(815301076,1909f56bfc062723c751e8b465ee728b)
Number of updated assets reloaded before import = 0
Start importing Assets/Package/Scene/Lightmap-24_comp_light.exr using Guid(04dd03705acc65a4f8a247569f415c51) Importer(815301076,1909f56bfc062723c751e8b465ee728b)  -> (artifact id: '43687997fcb886fb5eb2fbebd3536639') in 0.026715 seconds 
Number of asset objects unloaded after import = 2
========================================================================
Received Import Request.
  Time since last request: 0.000022 seconds.
  path: Assets/Package/Scene/Lightmap-7_comp_dir.png
  artifactKey: Guid(f809dd9e29031f8438adbe820abe7d2b) Importer(815301076,1909f56bfc062723c751e8b465ee728b)
Number of updated assets reloaded before import = 0
Start importing Assets/Package/Scene/Lightmap-7_comp_dir.png using Guid(f809dd9e29031f8438adbe820abe7d2b) Importer(815301076,1909f56bfc062723c751e8b465ee728b)  -> (artifact id: 'c077e1c6ce2e80d68fad321e59783c36') in 0.022171 seconds 
Number of asset objects unloaded after import = 2
========================================================================
Received Import Request.
  Time since last request: 0.000024 seconds.
  path: Assets/Package/Scene/Lightmap-18_comp_light.exr
  artifactKey: Guid(e74be43db02953c498296863328a13c4) Importer(815301076,1909f56bfc062723c751e8b465ee728b)
Number of updated assets reloaded before import = 0
Start importing Assets/Package/Scene/Lightmap-18_comp_light.exr using Guid(e74be43db02953c498296863328a13c4) Importer(815301076,1909f56bfc062723c751e8b465ee728b)  -> (artifact id: 'ff3d88176706d895f82374561e744c12') in 0.023707 seconds 
Number of asset objects unloaded after import = 2
========================================================================
Received Import Request.
  Time since last request: 0.000021 seconds.
  path: Assets/Package/Scene/Lightmap-7_comp_light.exr
  artifactKey: Guid(2e3b412306234524fa4773cfae4f8bd1) Importer(815301076,1909f56bfc062723c751e8b465ee728b)
Number of updated assets reloaded before import = 0
Start importing Assets/Package/Scene/Lightmap-7_comp_light.exr using Guid(2e3b412306234524fa4773cfae4f8bd1) Importer(815301076,1909f56bfc062723c751e8b465ee728b)  -> (artifact id: 'b383ffba36fa92a291f20dd557609d7b') in 0.017143 seconds 
Number of asset objects unloaded after import = 2
========================================================================
Received Import Request.
  Time since last request: 0.000020 seconds.
  path: Assets/Package/Scene/Lightmap-27_comp_dir.png
  artifactKey: Guid(1f8a773aa0a668a47bf0863be82d38f2) Importer(815301076,1909f56bfc062723c751e8b465ee728b)
Number of updated assets reloaded before import = 0
Start importing Assets/Package/Scene/Lightmap-27_comp_dir.png using Guid(1f8a773aa0a668a47bf0863be82d38f2) Importer(815301076,1909f56bfc062723c751e8b465ee728b)  -> (artifact id: '03a1a3f27e7d8d2e580641e768bfe295') in 0.018362 seconds 
Number of asset objects unloaded after import = 2
========================================================================
Received Import Request.
  Time since last request: 0.000022 seconds.
  path: Assets/Package/Scene/Lightmap-25_comp_dir.png
  artifactKey: Guid(41c396a56d79b984d95238fc346187dd) Importer(815301076,1909f56bfc062723c751e8b465ee728b)
Number of updated assets reloaded before import = 0
Start importing Assets/Package/Scene/Lightmap-25_comp_dir.png using Guid(41c396a56d79b984d95238fc346187dd) Importer(815301076,1909f56bfc062723c751e8b465ee728b)  -> (artifact id: '1f2da223c1d6c28510ca1c814b1f99b1') in 0.020683 seconds 
Number of asset objects unloaded after import = 2
========================================================================
Received Import Request.
  Time since last request: 0.000020 seconds.
  path: Assets/Package/Scene/Lightmap-10_comp_light.exr
  artifactKey: Guid(081fac50bd9a0684d87c0ba18aa03997) Importer(815301076,1909f56bfc062723c751e8b465ee728b)
Number of updated assets reloaded before import = 0
Start importing Assets/Package/Scene/Lightmap-10_comp_light.exr using Guid(081fac50bd9a0684d87c0ba18aa03997) Importer(815301076,1909f56bfc062723c751e8b465ee728b)  -> (artifact id: '6285dcbdc2bb30379c8b0eaa6ce69972') in 0.019501 seconds 
Number of asset objects unloaded after import = 2
========================================================================
Received Import Request.
  Time since last request: 0.000019 seconds.
  path: Assets/Package/Scene/Lightmap-14_comp_light.exr
  artifactKey: Guid(ea61afcb06dbdfb4484124f5db8065d8) Importer(815301076,1909f56bfc062723c751e8b465ee728b)
Number of updated assets reloaded before import = 0
Start importing Assets/Package/Scene/Lightmap-14_comp_light.exr using Guid(ea61afcb06dbdfb4484124f5db8065d8) Importer(815301076,1909f56bfc062723c751e8b465ee728b)  -> (artifact id: '851f71f7241b03fe8ecac4a030071adc') in 0.022176 seconds 
Number of asset objects unloaded after import = 2
========================================================================
Received Import Request.
  Time since last request: 0.000017 seconds.
  path: Assets/Package/Scene/Lightmap-25_comp_light.exr
  artifactKey: Guid(52a7ea3e93f52d846a049e13ede89e2f) Importer(815301076,1909f56bfc062723c751e8b465ee728b)
Number of updated assets reloaded before import = 0
Start importing Assets/Package/Scene/Lightmap-25_comp_light.exr using Guid(52a7ea3e93f52d846a049e13ede89e2f) Importer(815301076,1909f56bfc062723c751e8b465ee728b)  -> (artifact id: '7346873059ac458a6cfa7a0e253bca78') in 0.017763 seconds 
Number of asset objects unloaded after import = 2
========================================================================
Received Import Request.
  Time since last request: 0.000021 seconds.
  path: Assets/Package/Scene/Lightmap-23_comp_light.exr
  artifactKey: Guid(6a25c1f570af04f4b8440f93fc2614d2) Importer(815301076,1909f56bfc062723c751e8b465ee728b)
Number of updated assets reloaded before import = 0
Start importing Assets/Package/Scene/Lightmap-23_comp_light.exr using Guid(6a25c1f570af04f4b8440f93fc2614d2) Importer(815301076,1909f56bfc062723c751e8b465ee728b)  -> (artifact id: '272a9f69022093be218836bc5ae651ff') in 0.015699 seconds 
Number of asset objects unloaded after import = 2
========================================================================
Received Import Request.
  Time since last request: 0.000017 seconds.
  path: Assets/Package/Scene/Lightmap-10_comp_dir.png
  artifactKey: Guid(1ae8154b20f7b4d478a0dc02f1653511) Importer(815301076,1909f56bfc062723c751e8b465ee728b)
Number of updated assets reloaded before import = 0
Start importing Assets/Package/Scene/Lightmap-10_comp_dir.png using Guid(1ae8154b20f7b4d478a0dc02f1653511) Importer(815301076,1909f56bfc062723c751e8b465ee728b)  -> (artifact id: 'd4bcaf20e52c43b57eacd4380380f758') in 0.018878 seconds 
Number of asset objects unloaded after import = 2
========================================================================
Received Import Request.
  Time since last request: 0.000025 seconds.
  path: Assets/Package/Scene/Lightmap-20_comp_light.exr
  artifactKey: Guid(befc1d7eddb99c347ab1752c0dc09ead) Importer(815301076,1909f56bfc062723c751e8b465ee728b)
Number of updated assets reloaded before import = 0
Start importing Assets/Package/Scene/Lightmap-20_comp_light.exr using Guid(befc1d7eddb99c347ab1752c0dc09ead) Importer(815301076,1909f56bfc062723c751e8b465ee728b)  -> (artifact id: 'bfd8f25af707854f9725fa7762a04a2f') in 0.023579 seconds 
Number of asset objects unloaded after import = 2
========================================================================
Received Import Request.
  Time since last request: 0.000020 seconds.
  path: Assets/Package/Scene/Lightmap-9_comp_light.exr
  artifactKey: Guid(ad504c45c2289ae40978d3c07f7710af) Importer(815301076,1909f56bfc062723c751e8b465ee728b)
Number of updated assets reloaded before import = 0
Start importing Assets/Package/Scene/Lightmap-9_comp_light.exr using Guid(ad504c45c2289ae40978d3c07f7710af) Importer(815301076,1909f56bfc062723c751e8b465ee728b)  -> (artifact id: 'c36024f9a4bf6aa8fa357cf277d27d18') in 0.021987 seconds 
Number of asset objects unloaded after import = 2
========================================================================
Received Import Request.
  Time since last request: 0.000083 seconds.
  path: Assets/Package/Scene/Lightmap-1_comp_light.exr
  artifactKey: Guid(4b1af6d4a0c62504088195babc688110) Importer(815301076,1909f56bfc062723c751e8b465ee728b)
Number of updated assets reloaded before import = 0
Start importing Assets/Package/Scene/Lightmap-1_comp_light.exr using Guid(4b1af6d4a0c62504088195babc688110) Importer(815301076,1909f56bfc062723c751e8b465ee728b)  -> (artifact id: 'c8d6449dba66237af15f21ea0eece617') in 0.017255 seconds 
Number of asset objects unloaded after import = 2
========================================================================
Received Import Request.
  Time since last request: 0.000029 seconds.
  path: Assets/Package/Scene/Lightmap-13_comp_light.exr
  artifactKey: Guid(8d969ca2f019df64fa96244386591428) Importer(815301076,1909f56bfc062723c751e8b465ee728b)
Number of updated assets reloaded before import = 0
Start importing Assets/Package/Scene/Lightmap-13_comp_light.exr using Guid(8d969ca2f019df64fa96244386591428) Importer(815301076,1909f56bfc062723c751e8b465ee728b)  -> (artifact id: 'caeed4f11e4aa1bd2af13abaea6c78f0') in 0.019059 seconds 
Number of asset objects unloaded after import = 2
========================================================================
Received Import Request.
  Time since last request: 0.000018 seconds.
  path: Assets/Package/Scene/Lightmap-18_comp_dir.png
  artifactKey: Guid(cfa6ea01d8caae44db51798c5fa6e60a) Importer(815301076,1909f56bfc062723c751e8b465ee728b)
Number of updated assets reloaded before import = 0
Start importing Assets/Package/Scene/Lightmap-18_comp_dir.png using Guid(cfa6ea01d8caae44db51798c5fa6e60a) Importer(815301076,1909f56bfc062723c751e8b465ee728b)  -> (artifact id: '26b69b15069643be89171ebc8bd9bf2a') in 0.020168 seconds 
Number of asset objects unloaded after import = 2
========================================================================
Received Import Request.
  Time since last request: 0.000020 seconds.
  path: Assets/Package/Scene/Lightmap-15_comp_dir.png
  artifactKey: Guid(79d67da993b299b4eba13e8aa240e000) Importer(815301076,1909f56bfc062723c751e8b465ee728b)
Number of updated assets reloaded before import = 0
Start importing Assets/Package/Scene/Lightmap-15_comp_dir.png using Guid(79d67da993b299b4eba13e8aa240e000) Importer(815301076,1909f56bfc062723c751e8b465ee728b)  -> (artifact id: 'b19741c941d21c3dc56ca96f24d108e8') in 0.020233 seconds 
Number of asset objects unloaded after import = 2
========================================================================
Received Import Request.
  Time since last request: 0.000021 seconds.
  path: Assets/Package/Scene/Lightmap-2_comp_dir.png
  artifactKey: Guid(d482b8c368477ba4792b178abbe95a85) Importer(815301076,1909f56bfc062723c751e8b465ee728b)
Number of updated assets reloaded before import = 0
Start importing Assets/Package/Scene/Lightmap-2_comp_dir.png using Guid(d482b8c368477ba4792b178abbe95a85) Importer(815301076,1909f56bfc062723c751e8b465ee728b)  -> (artifact id: '3f864f73786daeda07aa393964870b17') in 0.019381 seconds 
Number of asset objects unloaded after import = 2
========================================================================
Received Import Request.
  Time since last request: 0.000020 seconds.
  path: Assets/Package/Scene/Lightmap-6_comp_dir.png
  artifactKey: Guid(2637a94b8089f3e4d9068e2b3d42166e) Importer(815301076,1909f56bfc062723c751e8b465ee728b)
Number of updated assets reloaded before import = 0
Start importing Assets/Package/Scene/Lightmap-6_comp_dir.png using Guid(2637a94b8089f3e4d9068e2b3d42166e) Importer(815301076,1909f56bfc062723c751e8b465ee728b)  -> (artifact id: 'ac7aa58c68815efb462fe9ee7838ef1c') in 0.018894 seconds 
Number of asset objects unloaded after import = 2
========================================================================
Received Import Request.
  Time since last request: 0.000018 seconds.
  path: Assets/Package/Scene/Lightmap-0_comp_light.exr
  artifactKey: Guid(000c4caa84fa2cf44bafeb999a69fded) Importer(815301076,1909f56bfc062723c751e8b465ee728b)
Number of updated assets reloaded before import = 0
Start importing Assets/Package/Scene/Lightmap-0_comp_light.exr using Guid(000c4caa84fa2cf44bafeb999a69fded) Importer(815301076,1909f56bfc062723c751e8b465ee728b)  -> (artifact id: 'defb8e18135e5a98389fab60091b16ed') in 0.019196 seconds 
Number of asset objects unloaded after import = 2
========================================================================
Received Import Request.
  Time since last request: 0.000027 seconds.
  path: Assets/Package/Scene/Lightmap-6_comp_light.exr
  artifactKey: Guid(235b3792c619e9746bcb3f6a1896d04f) Importer(815301076,1909f56bfc062723c751e8b465ee728b)
Number of updated assets reloaded before import = 0
Start importing Assets/Package/Scene/Lightmap-6_comp_light.exr using Guid(235b3792c619e9746bcb3f6a1896d04f) Importer(815301076,1909f56bfc062723c751e8b465ee728b)  -> (artifact id: 'afd768223daea5ff0bf4c944412f1f50') in 0.019168 seconds 
Number of asset objects unloaded after import = 2
========================================================================
Received Import Request.
  Time since last request: 0.653919 seconds.
  path: Assets/Package/Scene/Lightmap-28_comp_light.exr
  artifactKey: Guid(ac822a1274af62b4592b0b624d3ec711) Importer(815301076,1909f56bfc062723c751e8b465ee728b)
Number of updated assets reloaded before import = 0
Start importing Assets/Package/Scene/Lightmap-28_comp_light.exr using Guid(ac822a1274af62b4592b0b624d3ec711) Importer(815301076,1909f56bfc062723c751e8b465ee728b)  -> (artifact id: 'd60707af72f13a7901064775a79b8edc') in 0.019255 seconds 
Number of asset objects unloaded after import = 2
========================================================================
Received Import Request.
  Time since last request: 0.000030 seconds.
  path: Assets/Package/Scene/Lightmap-29_comp_light.exr
  artifactKey: Guid(679dc85c5afc65d49bb5c3dbe51929f7) Importer(815301076,1909f56bfc062723c751e8b465ee728b)
Number of updated assets reloaded before import = 0
Start importing Assets/Package/Scene/Lightmap-29_comp_light.exr using Guid(679dc85c5afc65d49bb5c3dbe51929f7) Importer(815301076,1909f56bfc062723c751e8b465ee728b)  -> (artifact id: '82de0cac824c70f9fcd19d03f71e5ed4') in 0.018141 seconds 
Number of asset objects unloaded after import = 2
========================================================================
Received Import Request.
  Time since last request: 0.000027 seconds.
  path: Assets/Package/Scene/Lightmap-30_comp_dir.png
  artifactKey: Guid(53b5fdfb8c849b74aa789aa73d4a5646) Importer(815301076,1909f56bfc062723c751e8b465ee728b)
Number of updated assets reloaded before import = 0
Start importing Assets/Package/Scene/Lightmap-30_comp_dir.png using Guid(53b5fdfb8c849b74aa789aa73d4a5646) Importer(815301076,1909f56bfc062723c751e8b465ee728b)  -> (artifact id: 'db37fdb3919be88230830831f5fd5cc8') in 0.016047 seconds 
Number of asset objects unloaded after import = 2
========================================================================
Received Import Request.
  Time since last request: 0.000031 seconds.
  path: Assets/Package/Scene/Lightmap-29_comp_dir.png
  artifactKey: Guid(6fed300c3fbd9ef4e8ec82ae43e04028) Importer(815301076,1909f56bfc062723c751e8b465ee728b)
Number of updated assets reloaded before import = 0
Start importing Assets/Package/Scene/Lightmap-29_comp_dir.png using Guid(6fed300c3fbd9ef4e8ec82ae43e04028) Importer(815301076,1909f56bfc062723c751e8b465ee728b)  -> (artifact id: 'a5ee532e2006ddd6909107a4e30b9ef3') in 0.017121 seconds 
Number of asset objects unloaded after import = 2
========================================================================
Received Import Request.
  Time since last request: 0.000019 seconds.
  path: Assets/Package/Scene/Lightmap-33_comp_light.exr
  artifactKey: Guid(85d5f1d287d1ac142ba96f97cec342f2) Importer(815301076,1909f56bfc062723c751e8b465ee728b)
Number of updated assets reloaded before import = 0
Start importing Assets/Package/Scene/Lightmap-33_comp_light.exr using Guid(85d5f1d287d1ac142ba96f97cec342f2) Importer(815301076,1909f56bfc062723c751e8b465ee728b)  -> (artifact id: '14fd07c9a5463259c327be24c7946279') in 0.015783 seconds 
Number of asset objects unloaded after import = 2
========================================================================
Received Import Request.
  Time since last request: 0.000022 seconds.
  path: Assets/Package/Scene/Lightmap-32_comp_light.exr
  artifactKey: Guid(a271a98f3190e1f439bfa292bf7ab2a4) Importer(815301076,1909f56bfc062723c751e8b465ee728b)
Number of updated assets reloaded before import = 0
Start importing Assets/Package/Scene/Lightmap-32_comp_light.exr using Guid(a271a98f3190e1f439bfa292bf7ab2a4) Importer(815301076,1909f56bfc062723c751e8b465ee728b)  -> (artifact id: 'd2d1017886ecece308735e11df5e027a') in 0.018027 seconds 
Number of asset objects unloaded after import = 2
========================================================================
Received Import Request.
  Time since last request: 0.000023 seconds.
  path: Assets/Package/Scene/Lightmap-30_comp_light.exr
  artifactKey: Guid(77d6b15e405a7cd43bcce38dfabc1413) Importer(815301076,1909f56bfc062723c751e8b465ee728b)
Number of updated assets reloaded before import = 0
Start importing Assets/Package/Scene/Lightmap-30_comp_light.exr using Guid(77d6b15e405a7cd43bcce38dfabc1413) Importer(815301076,1909f56bfc062723c751e8b465ee728b)  -> (artifact id: 'ad5e08a391e4c085951cbf2534513a55') in 0.020515 seconds 
Number of asset objects unloaded after import = 2
========================================================================
Received Import Request.
  Time since last request: 14.308561 seconds.
  path: Assets/Package/Lens Flares/85mm Lens.flare
  artifactKey: Guid(28f1e8eff353b4e69941c036ea093e73) Importer(815301076,1909f56bfc062723c751e8b465ee728b)
Number of updated assets reloaded before import = 0
Start importing Assets/Package/Lens Flares/85mm Lens.flare using Guid(28f1e8eff353b4e69941c036ea093e73) Importer(815301076,1909f56bfc062723c751e8b465ee728b)  -> (artifact id: 'ed2c78bb849cd16de2cc5497eade3d01') in 0.020083 seconds 
Number of asset objects unloaded after import = 1
========================================================================
Received Import Request.
  Time since last request: 0.000017 seconds.
  path: Assets/Package/Lens Flares/Welding.flare
  artifactKey: Guid(5681314a26a394990806a2eb6f15a468) Importer(815301076,1909f56bfc062723c751e8b465ee728b)
Number of updated assets reloaded before import = 0
Start importing Assets/Package/Lens Flares/Welding.flare using Guid(5681314a26a394990806a2eb6f15a468) Importer(815301076,1909f56bfc062723c751e8b465ee728b)  -> (artifact id: 'b65eaebae7e85eeb880ff9f4b20d9314') in 0.010246 seconds 
Number of asset objects unloaded after import = 1
========================================================================
Received Import Request.
  Time since last request: 0.000022 seconds.
  path: Assets/Package/Lens Flares/Subtle4.flare
  artifactKey: Guid(fd7cb871930ba40b398d61cf4a3cd04d) Importer(815301076,1909f56bfc062723c751e8b465ee728b)
Number of updated assets reloaded before import = 0
Start importing Assets/Package/Lens Flares/Subtle4.flare using Guid(fd7cb871930ba40b398d61cf4a3cd04d) Importer(815301076,1909f56bfc062723c751e8b465ee728b)  -> (artifact id: '2547eef26c7f618f388a694d366c43ed') in 0.014603 seconds 
Number of asset objects unloaded after import = 1
========================================================================
Received Import Request.
  Time since last request: 0.000019 seconds.
  path: Assets/Package/Lens Flares/Halogen Bulb.flare
  artifactKey: Guid(92cd0f8877eff40d3b5e3357384d5f28) Importer(815301076,1909f56bfc062723c751e8b465ee728b)
Number of updated assets reloaded before import = 0
Start importing Assets/Package/Lens Flares/Halogen Bulb.flare using Guid(92cd0f8877eff40d3b5e3357384d5f28) Importer(815301076,1909f56bfc062723c751e8b465ee728b)  -> (artifact id: 'bad23fc20e51fbcfb0454686136e810d') in 0.012965 seconds 
Number of asset objects unloaded after import = 1
========================================================================
Received Import Request.
  Time since last request: 0.000020 seconds.
  path: Assets/Package/Lens Flares/Sun (from space).flare
  artifactKey: Guid(8541d94808d5849d8bfa480259334205) Importer(815301076,1909f56bfc062723c751e8b465ee728b)
Number of updated assets reloaded before import = 0
Start importing Assets/Package/Lens Flares/Sun (from space).flare using Guid(8541d94808d5849d8bfa480259334205) Importer(815301076,1909f56bfc062723c751e8b465ee728b)  -> (artifact id: '3c2f74bcdec909a31dbe91f0819e904f') in 0.014075 seconds 
Number of asset objects unloaded after import = 1
========================================================================
Received Import Request.
  Time since last request: 1.326536 seconds.
  path: Assets/Package/Materials/Classical Building.mat
  artifactKey: Guid(7bec32edf8afdca4cb4be01ecca18b52) Importer(815301076,1909f56bfc062723c751e8b465ee728b)
Number of updated assets reloaded before import = 0
Start importing Assets/Package/Materials/Classical Building.mat using Guid(7bec32edf8afdca4cb4be01ecca18b52) Importer(815301076,1909f56bfc062723c751e8b465ee728b)  -> (artifact id: '0fd3c7c2bb1887cb6b4d43e4c0d3554a') in 0.392554 seconds 
Number of asset objects unloaded after import = 5
========================================================================
Received Import Request.
  Time since last request: 1.889387 seconds.
  path: Assets/Package/Scene Night/Lightmap-0_comp_light.exr
  artifactKey: Guid(5e178b73ba1a13c46937f4f02ac8d6c3) Importer(815301076,1909f56bfc062723c751e8b465ee728b)
Number of updated assets reloaded before import = 0
Start importing Assets/Package/Scene Night/Lightmap-0_comp_light.exr using Guid(5e178b73ba1a13c46937f4f02ac8d6c3) Importer(815301076,1909f56bfc062723c751e8b465ee728b)  -> (artifact id: '6276d7f29f0cb69913675a83d25d7558') in 0.021745 seconds 
Number of asset objects unloaded after import = 2
========================================================================
Received Import Request.
  Time since last request: 0.000029 seconds.
  path: Assets/Package/Scene Night/Lightmap-17_comp_light.exr
  artifactKey: Guid(bc81a7c2ff293004a89f938666cf1554) Importer(815301076,1909f56bfc062723c751e8b465ee728b)
Number of updated assets reloaded before import = 0
Start importing Assets/Package/Scene Night/Lightmap-17_comp_light.exr using Guid(bc81a7c2ff293004a89f938666cf1554) Importer(815301076,1909f56bfc062723c751e8b465ee728b)  -> (artifact id: '29c46aeb0439e30c750b09e0456d1859') in 0.020346 seconds 
Number of asset objects unloaded after import = 2
========================================================================
Received Import Request.
  Time since last request: 0.000019 seconds.
  path: Assets/Package/Scene Night/Lightmap-10_comp_light.exr
  artifactKey: Guid(06c32f28a40d8054a9c15f926d204fdc) Importer(815301076,1909f56bfc062723c751e8b465ee728b)
Number of updated assets reloaded before import = 0
Start importing Assets/Package/Scene Night/Lightmap-10_comp_light.exr using Guid(06c32f28a40d8054a9c15f926d204fdc) Importer(815301076,1909f56bfc062723c751e8b465ee728b)  -> (artifact id: '0e6d0c46b100cfdff64cac80216c8e52') in 0.018411 seconds 
Number of asset objects unloaded after import = 2
========================================================================
Received Import Request.
  Time since last request: 0.000019 seconds.
  path: Assets/Package/Scene Night/Lightmap-18_comp_dir.png
  artifactKey: Guid(638aa24a469d92c42ad9df06623f4635) Importer(815301076,1909f56bfc062723c751e8b465ee728b)
Number of updated assets reloaded before import = 0
Start importing Assets/Package/Scene Night/Lightmap-18_comp_dir.png using Guid(638aa24a469d92c42ad9df06623f4635) Importer(815301076,1909f56bfc062723c751e8b465ee728b)  -> (artifact id: '7b70c10fac132a27f87019dd7c103a5d') in 0.023146 seconds 
Number of asset objects unloaded after import = 2
========================================================================
Received Import Request.
  Time since last request: 0.000024 seconds.
  path: Assets/Package/Scene Night/Lightmap-21_comp_light.exr
  artifactKey: Guid(ad126f4936f24034fbed5e23dd818f7b) Importer(815301076,1909f56bfc062723c751e8b465ee728b)
Number of updated assets reloaded before import = 0
Start importing Assets/Package/Scene Night/Lightmap-21_comp_light.exr using Guid(ad126f4936f24034fbed5e23dd818f7b) Importer(815301076,1909f56bfc062723c751e8b465ee728b)  -> (artifact id: 'f32d610d4221a9d42e78f35639fff151') in 0.044618 seconds 
Number of asset objects unloaded after import = 2
========================================================================
Received Import Request.
  Time since last request: 0.000024 seconds.
  path: Assets/Package/Scene Night/Lightmap-11_comp_light.exr
  artifactKey: Guid(f16a4bb8aedc8f140bb9ca2df71ff2aa) Importer(815301076,1909f56bfc062723c751e8b465ee728b)
Number of updated assets reloaded before import = 0
Start importing Assets/Package/Scene Night/Lightmap-11_comp_light.exr using Guid(f16a4bb8aedc8f140bb9ca2df71ff2aa) Importer(815301076,1909f56bfc062723c751e8b465ee728b)  -> (artifact id: '99d97c6b53b7a1068fdacf16061c4adf') in 0.030502 seconds 
Number of asset objects unloaded after import = 2
========================================================================
Received Import Request.
  Time since last request: 0.000024 seconds.
  path: Assets/Package/Scene Night/Lightmap-6_comp_dir.png
  artifactKey: Guid(82e70347c1e222648a2cf03ce84853c6) Importer(815301076,1909f56bfc062723c751e8b465ee728b)
Number of updated assets reloaded before import = 0
Start importing Assets/Package/Scene Night/Lightmap-6_comp_dir.png using Guid(82e70347c1e222648a2cf03ce84853c6) Importer(815301076,1909f56bfc062723c751e8b465ee728b)  -> (artifact id: 'd93425d7193907bf12893e7456a2e7c0') in 0.020187 seconds 
Number of asset objects unloaded after import = 2
========================================================================
Received Import Request.
  Time since last request: 0.000026 seconds.
  path: Assets/Package/Scene Night/Lightmap-20_comp_light.exr
  artifactKey: Guid(3a3f914a7cc003940bddd06c17fdc43e) Importer(815301076,1909f56bfc062723c751e8b465ee728b)
Number of updated assets reloaded before import = 0
Start importing Assets/Package/Scene Night/Lightmap-20_comp_light.exr using Guid(3a3f914a7cc003940bddd06c17fdc43e) Importer(815301076,1909f56bfc062723c751e8b465ee728b)  -> (artifact id: 'beeeee1bbcd7990b954911b42520b2ac') in 0.029608 seconds 
Number of asset objects unloaded after import = 2
========================================================================
Received Import Request.
  Time since last request: 0.000058 seconds.
  path: Assets/Package/Scene Night/Lightmap-9_comp_light.exr
  artifactKey: Guid(86bf0e44878297e4db857d1c80fba724) Importer(815301076,1909f56bfc062723c751e8b465ee728b)
Number of updated assets reloaded before import = 0
Start importing Assets/Package/Scene Night/Lightmap-9_comp_light.exr using Guid(86bf0e44878297e4db857d1c80fba724) Importer(815301076,1909f56bfc062723c751e8b465ee728b)  -> (artifact id: 'cb08afe1e960dcb545a4236503536c15') in 0.018664 seconds 
Number of asset objects unloaded after import = 2
========================================================================
Received Import Request.
  Time since last request: 2.479305 seconds.
  path: Assets/Package/Texture/Classical Building Light.tif
  artifactKey: Guid(8ba4681135e8f4d439d6a3d33f43c041) Importer(815301076,1909f56bfc062723c751e8b465ee728b)
Number of updated assets reloaded before import = 0
Start importing Assets/Package/Texture/Classical Building Light.tif using Guid(8ba4681135e8f4d439d6a3d33f43c041) Importer(815301076,1909f56bfc062723c751e8b465ee728b)  -> (artifact id: '3b88879c081a59ef99c09c173591f1de') in 0.057338 seconds 
Number of asset objects unloaded after import = 2
========================================================================
Received Import Request.
  Time since last request: 0.000110 seconds.
  path: Assets/Package/Texture/Tree.tif
  artifactKey: Guid(53cd429b20f63264ca316e2c356575e9) Importer(815301076,1909f56bfc062723c751e8b465ee728b)
Number of updated assets reloaded before import = 0
Start importing Assets/Package/Texture/Tree.tif using Guid(53cd429b20f63264ca316e2c356575e9) Importer(815301076,1909f56bfc062723c751e8b465ee728b)  -> (artifact id: '7407ba5f12c9502680e570617f03f671') in 0.022912 seconds 
Number of asset objects unloaded after import = 2
========================================================================
Received Import Request.
  Time since last request: 0.000032 seconds.
  path: Assets/Package/Texture/Road Normal Map.png
  artifactKey: Guid(5088109bfa238594aaa5aa045a54932c) Importer(815301076,1909f56bfc062723c751e8b465ee728b)
Number of updated assets reloaded before import = 0
Start importing Assets/Package/Texture/Road Normal Map.png using Guid(5088109bfa238594aaa5aa045a54932c) Importer(815301076,1909f56bfc062723c751e8b465ee728b)  -> (artifact id: '48ac76f58a452ee98a8b9be841b8faf1') in 0.021120 seconds 
Number of asset objects unloaded after import = 2
========================================================================
Received Import Request.
  Time since last request: 2.183206 seconds.
  path: Assets/Package/FBX/bank sign.FBX
  artifactKey: Guid(b2b0e90976521874193b2efbe1da5202) Importer(815301076,1909f56bfc062723c751e8b465ee728b)
Number of updated assets reloaded before import = 0
Start importing Assets/Package/FBX/bank sign.FBX using Guid(b2b0e90976521874193b2efbe1da5202) Importer(815301076,1909f56bfc062723c751e8b465ee728b)  -> (artifact id: '25d561c64dfa8894630eff891710530b') in 0.175579 seconds 
Number of asset objects unloaded after import = 14
========================================================================
Received Import Request.
  Time since last request: 0.000020 seconds.
  path: Assets/Package/FBX/canopy2.FBX
  artifactKey: Guid(2d9b94f34bbf03e4f82ffdf5a1e168df) Importer(815301076,1909f56bfc062723c751e8b465ee728b)
Number of updated assets reloaded before import = 0
Start importing Assets/Package/FBX/canopy2.FBX using Guid(2d9b94f34bbf03e4f82ffdf5a1e168df) Importer(815301076,1909f56bfc062723c751e8b465ee728b)  -> (artifact id: '8ef42eb5f98daa5c943fce85f0af3349') in 0.057530 seconds 
Number of asset objects unloaded after import = 13
========================================================================
Received Import Request.
  Time since last request: 0.000029 seconds.
  path: Assets/Package/FBX/Classical Building 06.FBX
  artifactKey: Guid(797efa8dfa2bbaf48aae25e548fdd519) Importer(815301076,1909f56bfc062723c751e8b465ee728b)
Number of updated assets reloaded before import = 0
Start importing Assets/Package/FBX/Classical Building 06.FBX using Guid(797efa8dfa2bbaf48aae25e548fdd519) Importer(815301076,1909f56bfc062723c751e8b465ee728b)  -> (artifact id: '7a10b5fb44161042b6b812f24c661319') in 0.308706 seconds 
Number of asset objects unloaded after import = 16
========================================================================
Received Import Request.
  Time since last request: 0.000036 seconds.
  path: Assets/Package/FBX/canopy4.FBX
  artifactKey: Guid(b6e8ed0133275f145960f93e304e3418) Importer(815301076,1909f56bfc062723c751e8b465ee728b)
Number of updated assets reloaded before import = 0
Start importing Assets/Package/FBX/canopy4.FBX using Guid(b6e8ed0133275f145960f93e304e3418) Importer(815301076,1909f56bfc062723c751e8b465ee728b)  -> (artifact id: '563840db5cda4c47d8b34e61d9fb1871') in 0.024620 seconds 
Number of asset objects unloaded after import = 13
========================================================================
Received Import Request.
  Time since last request: 0.000042 seconds.
  path: Assets/Package/FBX/banner10a.FBX
  artifactKey: Guid(79464f286d1f00a4583bbf33192c4e2f) Importer(815301076,1909f56bfc062723c751e8b465ee728b)
Number of updated assets reloaded before import = 0
Start importing Assets/Package/FBX/banner10a.FBX using Guid(79464f286d1f00a4583bbf33192c4e2f) Importer(815301076,1909f56bfc062723c751e8b465ee728b)  -> (artifact id: '79c801e41a9e0e5018bfad68020efbe6') in 0.026553 seconds 
Number of asset objects unloaded after import = 14
========================================================================
Received Import Request.
  Time since last request: 0.000036 seconds.
  path: Assets/Package/FBX/banner11b.FBX
  artifactKey: Guid(b29bc838ed3379a4dab936872047d79c) Importer(815301076,1909f56bfc062723c751e8b465ee728b)
Number of updated assets reloaded before import = 0
Start importing Assets/Package/FBX/banner11b.FBX using Guid(b29bc838ed3379a4dab936872047d79c) Importer(815301076,1909f56bfc062723c751e8b465ee728b)  -> (artifact id: '75ccd7ac65003652adb0e4ede08b849c') in 0.023700 seconds 
Number of asset objects unloaded after import = 14
========================================================================
Received Import Request.
  Time since last request: 0.000020 seconds.
  path: Assets/Package/FBX/banner6a.FBX
  artifactKey: Guid(6e00716418747ba4a9863b69d861213c) Importer(815301076,1909f56bfc062723c751e8b465ee728b)
Number of updated assets reloaded before import = 0
Start importing Assets/Package/FBX/banner6a.FBX using Guid(6e00716418747ba4a9863b69d861213c) Importer(815301076,1909f56bfc062723c751e8b465ee728b)  -> (artifact id: '890ad132e2c84e00eacb3e9f96ad9f82') in 0.031133 seconds 
Number of asset objects unloaded after import = 14
========================================================================
Received Import Request.
  Time since last request: 0.000033 seconds.
  path: Assets/Package/FBX/banner9a.FBX
  artifactKey: Guid(d4272450b646ba441b67d89922aa76be) Importer(815301076,1909f56bfc062723c751e8b465ee728b)
Number of updated assets reloaded before import = 0
Start importing Assets/Package/FBX/banner9a.FBX using Guid(d4272450b646ba441b67d89922aa76be) Importer(815301076,1909f56bfc062723c751e8b465ee728b)  -> (artifact id: '9d1d821e0ddb0db96d6b9a53ab1afeb5') in 0.022906 seconds 
Number of asset objects unloaded after import = 14
========================================================================
Received Import Request.
  Time since last request: 0.000037 seconds.
  path: Assets/Package/FBX/banner8b.FBX
  artifactKey: Guid(bf779ecfbd911c945a6d1a7440e49d89) Importer(815301076,1909f56bfc062723c751e8b465ee728b)
Number of updated assets reloaded before import = 0
Start importing Assets/Package/FBX/banner8b.FBX using Guid(bf779ecfbd911c945a6d1a7440e49d89) Importer(815301076,1909f56bfc062723c751e8b465ee728b)  -> (artifact id: '2f48a6b9cc9216255bd131450e154878') in 0.029690 seconds 
Number of asset objects unloaded after import = 14
========================================================================
Received Import Request.
  Time since last request: 0.000027 seconds.
  path: Assets/Package/FBX/banner11a.FBX
  artifactKey: Guid(b23e78f144486d249bc886f1d32d1ff6) Importer(815301076,1909f56bfc062723c751e8b465ee728b)
Number of updated assets reloaded before import = 0
Start importing Assets/Package/FBX/banner11a.FBX using Guid(b23e78f144486d249bc886f1d32d1ff6) Importer(815301076,1909f56bfc062723c751e8b465ee728b)  -> (artifact id: 'cbea61c3202ca61df4b84d82f1742173') in 0.030634 seconds 
Number of asset objects unloaded after import = 14
========================================================================
Received Import Request.
  Time since last request: 0.000030 seconds.
  path: Assets/Package/FBX/banner11c.FBX
  artifactKey: Guid(ffb6ad082913b8842bbb9c0bc19dacfe) Importer(815301076,1909f56bfc062723c751e8b465ee728b)
Number of updated assets reloaded before import = 0
Start importing Assets/Package/FBX/banner11c.FBX using Guid(ffb6ad082913b8842bbb9c0bc19dacfe) Importer(815301076,1909f56bfc062723c751e8b465ee728b)  -> (artifact id: '842bed67085e16616c6588d443536fc9') in 0.027050 seconds 
Number of asset objects unloaded after import = 14
========================================================================
Received Import Request.
  Time since last request: 0.000025 seconds.
  path: Assets/Package/FBX/banner8a.FBX
  artifactKey: Guid(be6f1c823b22cc8428df9b5474dba1f1) Importer(815301076,1909f56bfc062723c751e8b465ee728b)
Number of updated assets reloaded before import = 0
Start importing Assets/Package/FBX/banner8a.FBX using Guid(be6f1c823b22cc8428df9b5474dba1f1) Importer(815301076,1909f56bfc062723c751e8b465ee728b)  -> (artifact id: '00fa8b8947f3cadfdd13887c93d0c4a9') in 0.026540 seconds 
Number of asset objects unloaded after import = 14
Editor requested this worker to shutdown with reason: Scaling down because of idle timeout
AssetImportWorker is now disconnected from the server
Process exiting
Exiting without the bug reporter. Application will terminate with return code 0