Using pre-set license
Built from '2021.3/china_unity/release' branch; Version is '2021.3.45f2c1 (8058fe21db2f) revision 8411390'; Using compiler version '192829333'; Build Type 'Release'
OS: 'Windows 11  (10.0.26200) 64bit Professional' Language: 'zh' Physical Memory: 32388 MB
BatchMode: 1, IsHumanControllingUs: 0, StartBugReporterOnCrash: 0, Is64bit: 1, IsPro: 1

COMMAND LINE ARGUMENTS:
C:\Program Files\Unity\Hub\Editor\2021.3.45f2c1\Editor\Unity.exe
-adb2
-batchMode
-noUpm
-name
AssetImportWorker14
-projectPath
C:/Users/Bobby2003/My project (7)/PROG2001-Group4
-logFile
Logs/AssetImportWorker14.log
-srvPort
60995
Successfully changed project path to: C:/Users/Bobby2003/My project (7)/PROG2001-Group4
C:/Users/Bobby2003/My project (7)/PROG2001-Group4
[UnityMemory] Configuration Parameters - Can be set up in boot.config
    "memorysetup-bucket-allocator-granularity=16"
    "memorysetup-bucket-allocator-bucket-count=8"
    "memorysetup-bucket-allocator-block-size=33554432"
    "memorysetup-bucket-allocator-block-count=8"
    "memorysetup-main-allocator-block-size=16777216"
    "memorysetup-thread-allocator-block-size=16777216"
    "memorysetup-gfx-main-allocator-block-size=16777216"
    "memorysetup-gfx-thread-allocator-block-size=16777216"
    "memorysetup-cache-allocator-block-size=4194304"
    "memorysetup-typetree-allocator-block-size=2097152"
    "memorysetup-profiler-bucket-allocator-granularity=16"
    "memorysetup-profiler-bucket-allocator-bucket-count=8"
    "memorysetup-profiler-bucket-allocator-block-size=33554432"
    "memorysetup-profiler-bucket-allocator-block-count=8"
    "memorysetup-profiler-allocator-block-size=16777216"
    "memorysetup-profiler-editor-allocator-block-size=1048576"
    "memorysetup-temp-allocator-size-main=16777216"
    "memorysetup-job-temp-allocator-block-size=2097152"
    "memorysetup-job-temp-allocator-block-size-background=1048576"
    "memorysetup-job-temp-allocator-reduction-small-platforms=262144"
    "memorysetup-temp-allocator-size-background-worker=32768"
    "memorysetup-temp-allocator-size-job-worker=262144"
    "memorysetup-temp-allocator-size-preload-manager=33554432"
    "memorysetup-temp-allocator-size-nav-mesh-worker=65536"
    "memorysetup-temp-allocator-size-audio-worker=65536"
    "memorysetup-temp-allocator-size-cloud-worker=32768"
    "memorysetup-temp-allocator-size-gi-baking-worker=262144"
    "memorysetup-temp-allocator-size-gfx=262144"
Player connection [37928] Host "[IP] 26.18.251.41 [Port] 0 [Flags] 2 [Guid] 480834792 [EditorId] 480834792 [Version] 1048832 [Id] WindowsEditor(7,Bobby) [Debug] 1 [PackageName] WindowsEditor [ProjectName] Editor" joined multi-casting on [225.0.0.222:54997]...

Player connection [37928] Host "[IP] 26.18.251.41 [Port] 0 [Flags] 2 [Guid] 480834792 [EditorId] 480834792 [Version] 1048832 [Id] WindowsEditor(7,Bobby) [Debug] 1 [PackageName] WindowsEditor [ProjectName] Editor" joined alternative multi-casting on [225.0.0.222:34997]...

AS: AutoStreaming module initializing.
[Physics::Module] Initialized MultithreadedJobDispatcher with {0} workers.
Refreshing native plugins compatible for Editor in 45.84 ms, found 3 plugins.
Preloading 0 native plugins for Editor in 0.00 ms.
Initialize engine version: 2021.3.45f2c1 (8058fe21db2f)
[Subsystems] Discovering subsystems at path C:/Program Files/Unity/Hub/Editor/2021.3.45f2c1/Editor/Data/Resources/UnitySubsystems
[Subsystems] Discovering subsystems at path C:/Users/Bobby2003/My project (7)/PROG2001-Group4/Assets
GfxDevice: creating device client; threaded=0; jobified=0
Direct3D:
    Version:  Direct3D 11.0 [level 11.1]
    Renderer: NVIDIA GeForce RTX 4060 Laptop GPU (ID=0x28a0)
    Vendor:   NVIDIA
    VRAM:     7957 MB
    Driver:   32.0.15.8097
Initialize mono
Mono path[0] = 'C:/Program Files/Unity/Hub/Editor/2021.3.45f2c1/Editor/Data/Managed'
Mono path[1] = 'C:/Program Files/Unity/Hub/Editor/2021.3.45f2c1/Editor/Data/MonoBleedingEdge/lib/mono/unityjit-win32'
Mono config path = 'C:/Program Files/Unity/Hub/Editor/2021.3.45f2c1/Editor/Data/MonoBleedingEdge/etc'
Using monoOptions --debugger-agent=transport=dt_socket,embedding=1,server=y,suspend=n,address=127.0.0.1:56860
Begin MonoManager ReloadAssembly
Registering precompiled unity dll's ...
Register platform support module: C:/Program Files/Unity/Hub/Editor/2021.3.45f2c1/Editor/Data/PlaybackEngines/WindowsStandaloneSupport/UnityEditor.WindowsStandalone.Extensions.dll
Registered in 0.004413 seconds.
Native extension for WindowsStandalone target not found
Refreshing native plugins compatible for Editor in 41.45 ms, found 3 plugins.
Preloading 0 native plugins for Editor in 0.00 ms.
Mono: successfully reloaded assembly
- Completed reload, in  0.439 seconds
Domain Reload Profiling:
	ReloadAssembly (440ms)
		BeginReloadAssembly (82ms)
			ExecutionOrderSort (0ms)
			DisableScriptedObjects (0ms)
			BackupInstance (0ms)
			ReleaseScriptingObjects (0ms)
			CreateAndSetChildDomain (1ms)
		EndReloadAssembly (287ms)
			LoadAssemblies (80ms)
			RebuildTransferFunctionScriptingTraits (0ms)
			SetupTypeCache (70ms)
			ReleaseScriptCaches (0ms)
			RebuildScriptCaches (21ms)
			SetupLoadedEditorAssemblies (167ms)
				LogAssemblyErrors (0ms)
				InitializePlatformSupportModulesInManaged (6ms)
				SetLoadedEditorAssemblies (0ms)
				RefreshPlugins (42ms)
				BeforeProcessingInitializeOnLoad (1ms)
				ProcessInitializeOnLoadAttributes (85ms)
				ProcessInitializeOnLoadMethodAttributes (33ms)
				AfterProcessingInitializeOnLoad (0ms)
				EditorAssembliesLoaded (0ms)
			ExecutionOrderSort2 (0ms)
			AwakeInstancesAfterBackupRestoration (0ms)
Platform modules already initialized, skipping
Registering precompiled user dll's ...
Registered in 0.003554 seconds.
Begin MonoManager ReloadAssembly
Native extension for WindowsStandalone target not found
Refreshing native plugins compatible for Editor in 0.50 ms, found 3 plugins.
Preloading 0 native plugins for Editor in 0.00 ms.
Package Manager log level set to [2]
[Package Manager] Server::EnsureServerProcessIsRunning -- launch failed, reason: Unity was launched with the -noUpm command-line argument
[Package Manager] Cannot connect to Unity Package Manager local server
Mono: successfully reloaded assembly
- Completed reload, in  1.060 seconds
Domain Reload Profiling:
	ReloadAssembly (1060ms)
		BeginReloadAssembly (103ms)
			ExecutionOrderSort (0ms)
			DisableScriptedObjects (5ms)
			BackupInstance (0ms)
			ReleaseScriptingObjects (0ms)
			CreateAndSetChildDomain (17ms)
		EndReloadAssembly (886ms)
			LoadAssemblies (75ms)
			RebuildTransferFunctionScriptingTraits (0ms)
			SetupTypeCache (166ms)
			ReleaseScriptCaches (0ms)
			RebuildScriptCaches (29ms)
			SetupLoadedEditorAssemblies (604ms)
				LogAssemblyErrors (0ms)
				InitializePlatformSupportModulesInManaged (4ms)
				SetLoadedEditorAssemblies (0ms)
				RefreshPlugins (1ms)
				BeforeProcessingInitializeOnLoad (38ms)
				ProcessInitializeOnLoadAttributes (538ms)
				ProcessInitializeOnLoadMethodAttributes (16ms)
				AfterProcessingInitializeOnLoad (7ms)
				EditorAssembliesLoaded (0ms)
			ExecutionOrderSort2 (0ms)
			AwakeInstancesAfterBackupRestoration (5ms)
Platform modules already initialized, skipping
========================================================================
Worker process is ready to serve import requests
Launched and connected shader compiler UnityShaderCompiler.exe after 0.18 seconds
Refreshing native plugins compatible for Editor in 1.15 ms, found 3 plugins.
Preloading 0 native plugins for Editor in 0.00 ms.
Unloading 3001 Unused Serialized files (Serialized files now loaded: 0)
Unloading 23 unused Assets / (47.1 KB). Loaded Objects now: 3481.
Memory consumption went from 128.8 MB to 128.7 MB.
Total: 3.121800 ms (FindLiveObjects: 0.176000 ms CreateObjectMapping: 0.058600 ms MarkObjects: 2.771000 ms  DeleteObjects: 0.115300 ms)

AssetImportParameters requested are different than current active one (requested -> active):
  custom:video-decoder-ogg-theora: a1e56fd34408186e4bbccfd4996cb3dc -> 
  custom:container-muxer-webm: aa71ff27fc2769a1b78a27578f13a17b -> 
  custom:container-demuxer-webm: 4f35f7cbe854078d1ac9338744f61a02 -> 
  custom:video-encoder-webm-vp8: eb34c28f22e8b96e1ab97ce403110664 -> 
  custom:video-codec-MediaFoundation-h265: 746d11721c4dcdbdad8f713fa42b33f4 -> 
  custom:CustomObjectIndexerAttribute: bc11b3a6c3213fcdd17b65e7da85e133 -> 
  custom:audio-encoder-webm-vorbis: bf7c407c2cedff20999df2af8eb42d56 -> 
  custom:framework-win-MediaFoundation: 216162199b28c13a410421893ffa2e32 -> 
  custom:SearchIndexIgnoredProperties: e643bd26f0fe6173181afceb89e7c659 -> 
  custom:container-demuxer-ogg: 62fdf1f143b41e24485cea50d1cbac27 -> 
  custom:video-decoder-webm-vp8: 9c59270c3fd7afecdb556c50c9e8de78 -> 
  custom:audio-decoder-ogg-vorbis: bf7c407c2cedff20999df2af8eb42d56 -> 
========================================================================
Received Import Request.
  Time since last request: 51230.616533 seconds.
  path: Assets/Package/Lens Flares/Digital Camera.flare
  artifactKey: Guid(f3cd23d6d3e3d490cb471c69069c97a1) Importer(815301076,1909f56bfc062723c751e8b465ee728b)
Number of updated assets reloaded before import = 0
Start importing Assets/Package/Lens Flares/Digital Camera.flare using Guid(f3cd23d6d3e3d490cb471c69069c97a1) Importer(815301076,1909f56bfc062723c751e8b465ee728b)  -> (artifact id: 'f5feeba0a50c264a9fba018363a06421') in 0.068785 seconds 
Number of asset objects unloaded after import = 1
========================================================================
Received Import Request.
  Time since last request: 1.334874 seconds.
  path: Assets/Package/Materials/Skybox.mat
  artifactKey: Guid(8a64009c2a498b34f80c2a11264d3c61) Importer(815301076,1909f56bfc062723c751e8b465ee728b)
Number of updated assets reloaded before import = 0
Start importing Assets/Package/Materials/Skybox.mat using Guid(8a64009c2a498b34f80c2a11264d3c61) Importer(815301076,1909f56bfc062723c751e8b465ee728b)  -> (artifact id: 'adc981e9e52cc9aefc3da43bb9160ff7') in 0.128607 seconds 
Number of asset objects unloaded after import = 1
========================================================================
Received Import Request.
  Time since last request: 0.000019 seconds.
  path: Assets/Package/Materials/Tree.mat
  artifactKey: Guid(415fb4f08b4158141a2ea9756673ff5e) Importer(815301076,1909f56bfc062723c751e8b465ee728b)
Number of updated assets reloaded before import = 0
Start importing Assets/Package/Materials/Tree.mat using Guid(415fb4f08b4158141a2ea9756673ff5e) Importer(815301076,1909f56bfc062723c751e8b465ee728b)  -> (artifact id: 'a2598faaccfb69527a888617e95fd603') in 0.137255 seconds 
Number of asset objects unloaded after import = 2
========================================================================
Received Import Request.
  Time since last request: 2.015859 seconds.
  path: Assets/Package/Scene Night/Lightmap-3_comp_dir.png
  artifactKey: Guid(084c389e341416c47ac282e078c47b8e) Importer(815301076,1909f56bfc062723c751e8b465ee728b)
Number of updated assets reloaded before import = 0
Start importing Assets/Package/Scene Night/Lightmap-3_comp_dir.png using Guid(084c389e341416c47ac282e078c47b8e) Importer(815301076,1909f56bfc062723c751e8b465ee728b)  -> (artifact id: '22ddcda9cb39e8ff33523ca27b3d33a4') in 0.065460 seconds 
Number of asset objects unloaded after import = 2
========================================================================
Received Import Request.
  Time since last request: 0.000023 seconds.
  path: Assets/Package/Scene Night/Lightmap-5_comp_light.exr
  artifactKey: Guid(2f951501423b9d4479a8c77de2f75e48) Importer(815301076,1909f56bfc062723c751e8b465ee728b)
Number of updated assets reloaded before import = 0
Start importing Assets/Package/Scene Night/Lightmap-5_comp_light.exr using Guid(2f951501423b9d4479a8c77de2f75e48) Importer(815301076,1909f56bfc062723c751e8b465ee728b)  -> (artifact id: '1fb429f5770b695e0ec20cabb4328151') in 0.027967 seconds 
Number of asset objects unloaded after import = 2
========================================================================
Received Import Request.
  Time since last request: 0.000237 seconds.
  path: Assets/Package/Scene Night/Lightmap-27_comp_dir.png
  artifactKey: Guid(96b23d9d40f12004c9f0cdf1f219f85b) Importer(815301076,1909f56bfc062723c751e8b465ee728b)
Number of updated assets reloaded before import = 0
Start importing Assets/Package/Scene Night/Lightmap-27_comp_dir.png using Guid(96b23d9d40f12004c9f0cdf1f219f85b) Importer(815301076,1909f56bfc062723c751e8b465ee728b)  -> (artifact id: 'af4b91cbe0c3e35797e3194c6f896338') in 0.022529 seconds 
Number of asset objects unloaded after import = 2
========================================================================
Received Import Request.
  Time since last request: 0.000025 seconds.
  path: Assets/Package/Scene Night/Lightmap-19_comp_dir.png
  artifactKey: Guid(cb4bb5f74eb8acf408727e58e7bc6f48) Importer(815301076,1909f56bfc062723c751e8b465ee728b)
Number of updated assets reloaded before import = 0
Start importing Assets/Package/Scene Night/Lightmap-19_comp_dir.png using Guid(cb4bb5f74eb8acf408727e58e7bc6f48) Importer(815301076,1909f56bfc062723c751e8b465ee728b)  -> (artifact id: 'bb15ee7fde61a9863f97dbd12fa88409') in 0.019759 seconds 
Number of asset objects unloaded after import = 2
========================================================================
Received Import Request.
  Time since last request: 0.000020 seconds.
  path: Assets/Package/Scene Night/Lightmap-18_comp_light.exr
  artifactKey: Guid(5d94653de0c0a1c40995d2dca15cc9ff) Importer(815301076,1909f56bfc062723c751e8b465ee728b)
Number of updated assets reloaded before import = 0
Start importing Assets/Package/Scene Night/Lightmap-18_comp_light.exr using Guid(5d94653de0c0a1c40995d2dca15cc9ff) Importer(815301076,1909f56bfc062723c751e8b465ee728b)  -> (artifact id: '3b2b79259d922f8b461aeb6df1de25c7') in 0.029775 seconds 
Number of asset objects unloaded after import = 2
========================================================================
Received Import Request.
  Time since last request: 0.000017 seconds.
  path: Assets/Package/Scene Night/Lightmap-8_comp_light.exr
  artifactKey: Guid(db0e04adb6e1f6344b6a785459f42967) Importer(815301076,1909f56bfc062723c751e8b465ee728b)
Number of updated assets reloaded before import = 0
Start importing Assets/Package/Scene Night/Lightmap-8_comp_light.exr using Guid(db0e04adb6e1f6344b6a785459f42967) Importer(815301076,1909f56bfc062723c751e8b465ee728b)  -> (artifact id: 'bbed004bf19178d23c91cf8db8e0ce26') in 0.038305 seconds 
Number of asset objects unloaded after import = 2
========================================================================
Received Import Request.
  Time since last request: 0.000020 seconds.
  path: Assets/Package/Scene Night/Lightmap-10_comp_dir.png
  artifactKey: Guid(557ea17e9db8a04478541df52abe7b8d) Importer(815301076,1909f56bfc062723c751e8b465ee728b)
Number of updated assets reloaded before import = 0
Start importing Assets/Package/Scene Night/Lightmap-10_comp_dir.png using Guid(557ea17e9db8a04478541df52abe7b8d) Importer(815301076,1909f56bfc062723c751e8b465ee728b)  -> (artifact id: '22250fa597b15585c54322192cce66dc') in 0.018628 seconds 
Number of asset objects unloaded after import = 2
========================================================================
Received Import Request.
  Time since last request: 2.485700 seconds.
  path: Assets/Package/Texture/Modern Building Light.tif
  artifactKey: Guid(be19879db3951d6489bd82267d6ed5d3) Importer(815301076,1909f56bfc062723c751e8b465ee728b)
Number of updated assets reloaded before import = 0
Start importing Assets/Package/Texture/Modern Building Light.tif using Guid(be19879db3951d6489bd82267d6ed5d3) Importer(815301076,1909f56bfc062723c751e8b465ee728b)  -> (artifact id: 'b93c1bfc9a91fe9d41aeeb8b29a4d44b') in 0.060421 seconds 
Number of asset objects unloaded after import = 2
========================================================================
Received Import Request.
  Time since last request: 0.000019 seconds.
  path: Assets/Package/Texture/Modern Building Normal.tif
  artifactKey: Guid(5403341011f88fe47803c35132249b44) Importer(815301076,1909f56bfc062723c751e8b465ee728b)
Number of updated assets reloaded before import = 0
Start importing Assets/Package/Texture/Modern Building Normal.tif using Guid(5403341011f88fe47803c35132249b44) Importer(815301076,1909f56bfc062723c751e8b465ee728b)  -> (artifact id: '66b7b99b54926b3d8342f3b1ddd9556d') in 0.028379 seconds 
Number of asset objects unloaded after import = 2
========================================================================
Received Import Request.
  Time since last request: 2.197288 seconds.
  path: Assets/Package/FBX/banner5a.FBX
  artifactKey: Guid(c5baf039001bb5f48ab19a3ae2f8a993) Importer(815301076,1909f56bfc062723c751e8b465ee728b)
Number of updated assets reloaded before import = 0
Start importing Assets/Package/FBX/banner5a.FBX using Guid(c5baf039001bb5f48ab19a3ae2f8a993) Importer(815301076,1909f56bfc062723c751e8b465ee728b)  -> (artifact id: 'f406b078fb6ffaf71d05c4e3c1b40275') in 0.219082 seconds 
Number of asset objects unloaded after import = 14
========================================================================
Received Import Request.
  Time since last request: 0.000027 seconds.
  path: Assets/Package/FBX/column2.FBX
  artifactKey: Guid(82fb4a87a99c00c44973a28fb8923b8d) Importer(815301076,1909f56bfc062723c751e8b465ee728b)
Number of updated assets reloaded before import = 0
Start importing Assets/Package/FBX/column2.FBX using Guid(82fb4a87a99c00c44973a28fb8923b8d) Importer(815301076,1909f56bfc062723c751e8b465ee728b)  -> (artifact id: '47b27ce47fb5405cd11d32d654fc8631') in 0.029124 seconds 
Number of asset objects unloaded after import = 13
========================================================================
Received Import Request.
  Time since last request: 0.000027 seconds.
  path: Assets/Package/FBX/banner10c.FBX
  artifactKey: Guid(4b102f60596395048bf295ab1d45ab3d) Importer(815301076,1909f56bfc062723c751e8b465ee728b)
Number of updated assets reloaded before import = 0
Start importing Assets/Package/FBX/banner10c.FBX using Guid(4b102f60596395048bf295ab1d45ab3d) Importer(815301076,1909f56bfc062723c751e8b465ee728b)  -> (artifact id: 'b09d331a57d398d655422f43ee9a20a8') in 0.051342 seconds 
Number of asset objects unloaded after import = 14
========================================================================
Received Import Request.
  Time since last request: 0.000017 seconds.
  path: Assets/Package/FBX/banner10b.FBX
  artifactKey: Guid(904f0562015b3a8439343d0c20e181e5) Importer(815301076,1909f56bfc062723c751e8b465ee728b)
Number of updated assets reloaded before import = 0
Start importing Assets/Package/FBX/banner10b.FBX using Guid(904f0562015b3a8439343d0c20e181e5) Importer(815301076,1909f56bfc062723c751e8b465ee728b)  -> (artifact id: '43305ef99aaab29ecc3fcc822dc6072f') in 0.046979 seconds 
Number of asset objects unloaded after import = 14
========================================================================
Received Import Request.
  Time since last request: 0.000018 seconds.
  path: Assets/Package/FBX/banner5d.FBX
  artifactKey: Guid(0aa5d91dd384678409c0d6afee588d62) Importer(815301076,1909f56bfc062723c751e8b465ee728b)
Number of updated assets reloaded before import = 0
Start importing Assets/Package/FBX/banner5d.FBX using Guid(0aa5d91dd384678409c0d6afee588d62) Importer(815301076,1909f56bfc062723c751e8b465ee728b)  -> (artifact id: 'cf2122568f8ebdc4b4991f8f1536c590') in 0.056762 seconds 
Number of asset objects unloaded after import = 14
========================================================================
Received Import Request.
  Time since last request: 0.000018 seconds.
  path: Assets/Package/FBX/Classical Building 10.FBX
  artifactKey: Guid(04e9b636c066cb445a2cc81f0c199baa) Importer(815301076,1909f56bfc062723c751e8b465ee728b)
Number of updated assets reloaded before import = 0
Start importing Assets/Package/FBX/Classical Building 10.FBX using Guid(04e9b636c066cb445a2cc81f0c199baa) Importer(815301076,1909f56bfc062723c751e8b465ee728b)  -> (artifact id: '8064e0202ee54e843ba13abe6fe7f677') in 0.443756 seconds 
Number of asset objects unloaded after import = 16
Editor requested this worker to shutdown with reason: Scaling down because of idle timeout
AssetImportWorker is now disconnected from the server
Process exiting
Exiting without the bug reporter. Application will terminate with return code 0