Using pre-set license
Built from '2021.3/china_unity/release' branch; Version is '2021.3.45f2c1 (8058fe21db2f) revision 8411390'; Using compiler version '192829333'; Build Type 'Release'
OS: 'Windows 11  (10.0.26200) 64bit Professional' Language: 'zh' Physical Memory: 32388 MB
BatchMode: 1, IsHumanControllingUs: 0, StartBugReporterOnCrash: 0, Is64bit: 1, IsPro: 1

COMMAND LINE ARGUMENTS:
C:\Program Files\Unity\Hub\Editor\2021.3.45f2c1\Editor\Unity.exe
-adb2
-batchMode
-noUpm
-name
AssetImportWorker9
-projectPath
C:/Users/Bobby2003/My project (7)/PROG2001-Group4
-logFile
Logs/AssetImportWorker9.log
-srvPort
60995
Successfully changed project path to: C:/Users/Bobby2003/My project (7)/PROG2001-Group4
C:/Users/Bobby2003/My project (7)/PROG2001-Group4
[UnityMemory] Configuration Parameters - Can be set up in boot.config
    "memorysetup-bucket-allocator-granularity=16"
    "memorysetup-bucket-allocator-bucket-count=8"
    "memorysetup-bucket-allocator-block-size=33554432"
    "memorysetup-bucket-allocator-block-count=8"
    "memorysetup-main-allocator-block-size=16777216"
    "memorysetup-thread-allocator-block-size=16777216"
    "memorysetup-gfx-main-allocator-block-size=16777216"
    "memorysetup-gfx-thread-allocator-block-size=16777216"
    "memorysetup-cache-allocator-block-size=4194304"
    "memorysetup-typetree-allocator-block-size=2097152"
    "memorysetup-profiler-bucket-allocator-granularity=16"
    "memorysetup-profiler-bucket-allocator-bucket-count=8"
    "memorysetup-profiler-bucket-allocator-block-size=33554432"
    "memorysetup-profiler-bucket-allocator-block-count=8"
    "memorysetup-profiler-allocator-block-size=16777216"
    "memorysetup-profiler-editor-allocator-block-size=1048576"
    "memorysetup-temp-allocator-size-main=16777216"
    "memorysetup-job-temp-allocator-block-size=2097152"
    "memorysetup-job-temp-allocator-block-size-background=1048576"
    "memorysetup-job-temp-allocator-reduction-small-platforms=262144"
    "memorysetup-temp-allocator-size-background-worker=32768"
    "memorysetup-temp-allocator-size-job-worker=262144"
    "memorysetup-temp-allocator-size-preload-manager=33554432"
    "memorysetup-temp-allocator-size-nav-mesh-worker=65536"
    "memorysetup-temp-allocator-size-audio-worker=65536"
    "memorysetup-temp-allocator-size-cloud-worker=32768"
    "memorysetup-temp-allocator-size-gi-baking-worker=262144"
    "memorysetup-temp-allocator-size-gfx=262144"
Player connection [50396] Host "[IP] 26.18.251.41 [Port] 0 [Flags] 2 [Guid] 3819150122 [EditorId] 3819150122 [Version] 1048832 [Id] WindowsEditor(7,Bobby) [Debug] 1 [PackageName] WindowsEditor [ProjectName] Editor" joined multi-casting on [225.0.0.222:54997]...

Player connection [50396] Host "[IP] 26.18.251.41 [Port] 0 [Flags] 2 [Guid] 3819150122 [EditorId] 3819150122 [Version] 1048832 [Id] WindowsEditor(7,Bobby) [Debug] 1 [PackageName] WindowsEditor [ProjectName] Editor" joined alternative multi-casting on [225.0.0.222:34997]...

AS: AutoStreaming module initializing.
[Physics::Module] Initialized MultithreadedJobDispatcher with {0} workers.
Refreshing native plugins compatible for Editor in 47.75 ms, found 3 plugins.
Preloading 0 native plugins for Editor in 0.00 ms.
Initialize engine version: 2021.3.45f2c1 (8058fe21db2f)
[Subsystems] Discovering subsystems at path C:/Program Files/Unity/Hub/Editor/2021.3.45f2c1/Editor/Data/Resources/UnitySubsystems
[Subsystems] Discovering subsystems at path C:/Users/Bobby2003/My project (7)/PROG2001-Group4/Assets
GfxDevice: creating device client; threaded=0; jobified=0
Direct3D:
    Version:  Direct3D 11.0 [level 11.1]
    Renderer: NVIDIA GeForce RTX 4060 Laptop GPU (ID=0x28a0)
    Vendor:   NVIDIA
    VRAM:     7957 MB
    Driver:   32.0.15.8097
Initialize mono
Mono path[0] = 'C:/Program Files/Unity/Hub/Editor/2021.3.45f2c1/Editor/Data/Managed'
Mono path[1] = 'C:/Program Files/Unity/Hub/Editor/2021.3.45f2c1/Editor/Data/MonoBleedingEdge/lib/mono/unityjit-win32'
Mono config path = 'C:/Program Files/Unity/Hub/Editor/2021.3.45f2c1/Editor/Data/MonoBleedingEdge/etc'
Using monoOptions --debugger-agent=transport=dt_socket,embedding=1,server=y,suspend=n,address=127.0.0.1:56968
Begin MonoManager ReloadAssembly
Registering precompiled unity dll's ...
Register platform support module: C:/Program Files/Unity/Hub/Editor/2021.3.45f2c1/Editor/Data/PlaybackEngines/WindowsStandaloneSupport/UnityEditor.WindowsStandalone.Extensions.dll
Registered in 0.004617 seconds.
Native extension for WindowsStandalone target not found
Refreshing native plugins compatible for Editor in 34.95 ms, found 3 plugins.
Preloading 0 native plugins for Editor in 0.00 ms.
Mono: successfully reloaded assembly
- Completed reload, in  0.395 seconds
Domain Reload Profiling:
	ReloadAssembly (395ms)
		BeginReloadAssembly (68ms)
			ExecutionOrderSort (0ms)
			DisableScriptedObjects (0ms)
			BackupInstance (0ms)
			ReleaseScriptingObjects (0ms)
			CreateAndSetChildDomain (1ms)
		EndReloadAssembly (263ms)
			LoadAssemblies (66ms)
			RebuildTransferFunctionScriptingTraits (0ms)
			SetupTypeCache (64ms)
			ReleaseScriptCaches (0ms)
			RebuildScriptCaches (17ms)
			SetupLoadedEditorAssemblies (157ms)
				LogAssemblyErrors (0ms)
				InitializePlatformSupportModulesInManaged (6ms)
				SetLoadedEditorAssemblies (0ms)
				RefreshPlugins (35ms)
				BeforeProcessingInitializeOnLoad (1ms)
				ProcessInitializeOnLoadAttributes (86ms)
				ProcessInitializeOnLoadMethodAttributes (29ms)
				AfterProcessingInitializeOnLoad (0ms)
				EditorAssembliesLoaded (0ms)
			ExecutionOrderSort2 (0ms)
			AwakeInstancesAfterBackupRestoration (0ms)
Platform modules already initialized, skipping
Registering precompiled user dll's ...
Registered in 0.003599 seconds.
Begin MonoManager ReloadAssembly
Native extension for WindowsStandalone target not found
Refreshing native plugins compatible for Editor in 0.39 ms, found 3 plugins.
Preloading 0 native plugins for Editor in 0.00 ms.
Package Manager log level set to [2]
[Package Manager] Server::EnsureServerProcessIsRunning -- launch failed, reason: Unity was launched with the -noUpm command-line argument
[Package Manager] Cannot connect to Unity Package Manager local server
Mono: successfully reloaded assembly
- Completed reload, in  0.981 seconds
Domain Reload Profiling:
	ReloadAssembly (981ms)
		BeginReloadAssembly (86ms)
			ExecutionOrderSort (0ms)
			DisableScriptedObjects (3ms)
			BackupInstance (0ms)
			ReleaseScriptingObjects (0ms)
			CreateAndSetChildDomain (12ms)
		EndReloadAssembly (828ms)
			LoadAssemblies (65ms)
			RebuildTransferFunctionScriptingTraits (0ms)
			SetupTypeCache (131ms)
			ReleaseScriptCaches (0ms)
			RebuildScriptCaches (29ms)
			SetupLoadedEditorAssemblies (600ms)
				LogAssemblyErrors (0ms)
				InitializePlatformSupportModulesInManaged (3ms)
				SetLoadedEditorAssemblies (0ms)
				RefreshPlugins (0ms)
				BeforeProcessingInitializeOnLoad (36ms)
				ProcessInitializeOnLoadAttributes (540ms)
				ProcessInitializeOnLoadMethodAttributes (14ms)
				AfterProcessingInitializeOnLoad (5ms)
				EditorAssembliesLoaded (0ms)
			ExecutionOrderSort2 (0ms)
			AwakeInstancesAfterBackupRestoration (4ms)
Platform modules already initialized, skipping
========================================================================
Worker process is ready to serve import requests
Launched and connected shader compiler UnityShaderCompiler.exe after 0.11 seconds
Refreshing native plugins compatible for Editor in 0.56 ms, found 3 plugins.
Preloading 0 native plugins for Editor in 0.00 ms.
Unloading 3000 Unused Serialized files (Serialized files now loaded: 0)
Unloading 23 unused Assets / (47.5 KB). Loaded Objects now: 3478.
Memory consumption went from 127.7 MB to 127.7 MB.
Total: 2.539700 ms (FindLiveObjects: 0.129000 ms CreateObjectMapping: 0.038000 ms MarkObjects: 2.301000 ms  DeleteObjects: 0.071000 ms)

AssetImportParameters requested are different than current active one (requested -> active):
  custom:video-decoder-ogg-theora: a1e56fd34408186e4bbccfd4996cb3dc -> 
  custom:container-muxer-webm: aa71ff27fc2769a1b78a27578f13a17b -> 
  custom:container-demuxer-webm: 4f35f7cbe854078d1ac9338744f61a02 -> 
  custom:video-encoder-webm-vp8: eb34c28f22e8b96e1ab97ce403110664 -> 
  custom:video-codec-MediaFoundation-h265: 746d11721c4dcdbdad8f713fa42b33f4 -> 
  custom:CustomObjectIndexerAttribute: bc11b3a6c3213fcdd17b65e7da85e133 -> 
  custom:audio-encoder-webm-vorbis: bf7c407c2cedff20999df2af8eb42d56 -> 
  custom:framework-win-MediaFoundation: 216162199b28c13a410421893ffa2e32 -> 
  custom:SearchIndexIgnoredProperties: e643bd26f0fe6173181afceb89e7c659 -> 
  custom:container-demuxer-ogg: 62fdf1f143b41e24485cea50d1cbac27 -> 
  custom:video-decoder-webm-vp8: 9c59270c3fd7afecdb556c50c9e8de78 -> 
  custom:audio-decoder-ogg-vorbis: bf7c407c2cedff20999df2af8eb42d56 -> 
========================================================================
Received Import Request.
  Time since last request: 50808.668836 seconds.
  path: Assets/Quirky Series Ultimate/Quirky Series Vol.1/Farm Vol.1/Animations/Duck_Animations.fbx
  artifactKey: Guid(4f43d6a18d9aba241a4b608e691e54f6) Importer(815301076,1909f56bfc062723c751e8b465ee728b)
Number of updated assets reloaded before import = 0
Start importing Assets/Quirky Series Ultimate/Quirky Series Vol.1/Farm Vol.1/Animations/Duck_Animations.fbx using Guid(4f43d6a18d9aba241a4b608e691e54f6) Importer(815301076,1909f56bfc062723c751e8b465ee728b)  -> (artifact id: '6e054315dfe1b4f283755ecfd6572777') in 0.140026 seconds 
Number of asset objects unloaded after import = 52
========================================================================
Received Import Request.
  Time since last request: 0.000021 seconds.
  path: Assets/Quirky Series Ultimate/Quirky Series Vol.1/Farm Vol.1/Animations/Pig_Animations.fbx
  artifactKey: Guid(9c097285657e7bc46893add319710350) Importer(815301076,1909f56bfc062723c751e8b465ee728b)
Number of updated assets reloaded before import = 0
Start importing Assets/Quirky Series Ultimate/Quirky Series Vol.1/Farm Vol.1/Animations/Pig_Animations.fbx using Guid(9c097285657e7bc46893add319710350) Importer(815301076,1909f56bfc062723c751e8b465ee728b)  -> (artifact id: '0dc6e8c1bd3e9aeb77e4ae8a81d34dad') in 0.051856 seconds 
Number of asset objects unloaded after import = 50
========================================================================
Received Import Request.
  Time since last request: 4.392966 seconds.
  path: Assets/Quirky Series Ultimate/Quirky Series Vol.1/Forest Vol.1/Animations/Hornbill_Animations.fbx
  artifactKey: Guid(a6ffa2b4a6dc08b4f9d2ac527dd8c79a) Importer(815301076,1909f56bfc062723c751e8b465ee728b)
Number of updated assets reloaded before import = 0
Start importing Assets/Quirky Series Ultimate/Quirky Series Vol.1/Forest Vol.1/Animations/Hornbill_Animations.fbx using Guid(a6ffa2b4a6dc08b4f9d2ac527dd8c79a) Importer(815301076,1909f56bfc062723c751e8b465ee728b)  -> (artifact id: '51d5cbebe75ec3d07671701b476c0050') in 0.039089 seconds 
Number of asset objects unloaded after import = 48
========================================================================
Received Import Request.
  Time since last request: 0.000018 seconds.
  path: Assets/Quirky Series Ultimate/Quirky Series Vol.1/Forest Vol.1/Animations/Raccoon_Animations.fbx
  artifactKey: Guid(c64a77e383da2e64b83b666fb6d16b34) Importer(815301076,1909f56bfc062723c751e8b465ee728b)
Number of updated assets reloaded before import = 0
Start importing Assets/Quirky Series Ultimate/Quirky Series Vol.1/Forest Vol.1/Animations/Raccoon_Animations.fbx using Guid(c64a77e383da2e64b83b666fb6d16b34) Importer(815301076,1909f56bfc062723c751e8b465ee728b)  -> (artifact id: '08da4d2f854623609b56eede8ec0d53a') in 0.058112 seconds 
Number of asset objects unloaded after import = 52
========================================================================
Received Import Request.
  Time since last request: 8.902341 seconds.
  path: Assets/Quirky Series Ultimate/Quirky Series Vol.1/Pets Vol.1/Materials/M_Mouse.mat
  artifactKey: Guid(5b9a6977b252d5241bf1556df38d583b) Importer(815301076,1909f56bfc062723c751e8b465ee728b)
Number of updated assets reloaded before import = 0
Start importing Assets/Quirky Series Ultimate/Quirky Series Vol.1/Pets Vol.1/Materials/M_Mouse.mat using Guid(5b9a6977b252d5241bf1556df38d583b) Importer(815301076,1909f56bfc062723c751e8b465ee728b)  -> (artifact id: 'a02984a9c96f53617f7cbc332474b762') in 0.044099 seconds 
Number of asset objects unloaded after import = 2
========================================================================
Received Import Request.
  Time since last request: 0.503057 seconds.
  path: Assets/Quirky Series Ultimate/Quirky Series Vol.1/Pets Vol.1/Models/Dog_LOD0.fbx
  artifactKey: Guid(d88b77676f62dc94f8ac5b873cee90ee) Importer(815301076,1909f56bfc062723c751e8b465ee728b)
Number of updated assets reloaded before import = 0
Start importing Assets/Quirky Series Ultimate/Quirky Series Vol.1/Pets Vol.1/Models/Dog_LOD0.fbx using Guid(d88b77676f62dc94f8ac5b873cee90ee) Importer(815301076,1909f56bfc062723c751e8b465ee728b)  -> (artifact id: '72a78fc424c42481c543978b45cdf450') in 0.034517 seconds 
Number of asset objects unloaded after import = 36
========================================================================
Received Import Request.
  Time since last request: 0.000017 seconds.
  path: Assets/Quirky Series Ultimate/Quirky Series Vol.1/Pets Vol.1/Models/Mouse_LOD2.fbx
  artifactKey: Guid(80dcda2ab3d2f5949a2775a82ba1ef72) Importer(815301076,1909f56bfc062723c751e8b465ee728b)
Number of updated assets reloaded before import = 0
Start importing Assets/Quirky Series Ultimate/Quirky Series Vol.1/Pets Vol.1/Models/Mouse_LOD2.fbx using Guid(80dcda2ab3d2f5949a2775a82ba1ef72) Importer(815301076,1909f56bfc062723c751e8b465ee728b)  -> (artifact id: '7c4ed2b5bca1295ec55fd1627836986a') in 0.036337 seconds 
Number of asset objects unloaded after import = 32
========================================================================
Received Import Request.
  Time since last request: 0.000018 seconds.
  path: Assets/Quirky Series Ultimate/Quirky Series Vol.1/Pets Vol.1/Models/Tortoise_LOD3.fbx
  artifactKey: Guid(3576fd610498d154dbe26fb156342183) Importer(815301076,1909f56bfc062723c751e8b465ee728b)
Number of updated assets reloaded before import = 0
Start importing Assets/Quirky Series Ultimate/Quirky Series Vol.1/Pets Vol.1/Models/Tortoise_LOD3.fbx using Guid(3576fd610498d154dbe26fb156342183) Importer(815301076,1909f56bfc062723c751e8b465ee728b)  -> (artifact id: '176ff21553a50efe7eef67c6db538a52') in 0.044338 seconds 
Number of asset objects unloaded after import = 26
========================================================================
Received Import Request.
  Time since last request: 0.000021 seconds.
  path: Assets/Quirky Series Ultimate/Quirky Series Vol.1/Pets Vol.1/Models/Dove_LOD3.fbx
  artifactKey: Guid(107c2761d7b77f2488f63b5f42167913) Importer(815301076,1909f56bfc062723c751e8b465ee728b)
Number of updated assets reloaded before import = 0
Start importing Assets/Quirky Series Ultimate/Quirky Series Vol.1/Pets Vol.1/Models/Dove_LOD3.fbx using Guid(107c2761d7b77f2488f63b5f42167913) Importer(815301076,1909f56bfc062723c751e8b465ee728b)  -> (artifact id: '06b6e47785d5942c775d301787e79f91') in 0.044788 seconds 
Number of asset objects unloaded after import = 32
========================================================================
Received Import Request.
  Time since last request: 0.000035 seconds.
  path: Assets/Quirky Series Ultimate/Quirky Series Vol.1/Pets Vol.1/Models/Parrot_LOD2.fbx
  artifactKey: Guid(d86ebd2054b3fd04ab88251025810567) Importer(815301076,1909f56bfc062723c751e8b465ee728b)
Number of updated assets reloaded before import = 0
Start importing Assets/Quirky Series Ultimate/Quirky Series Vol.1/Pets Vol.1/Models/Parrot_LOD2.fbx using Guid(d86ebd2054b3fd04ab88251025810567) Importer(815301076,1909f56bfc062723c751e8b465ee728b)  -> (artifact id: 'acf1ae35d5e7172f60ce5ce9b3db011d') in 0.061534 seconds 
Number of asset objects unloaded after import = 32
========================================================================
Received Import Request.
  Time since last request: 0.000024 seconds.
  path: Assets/Quirky Series Ultimate/Quirky Series Vol.1/Pets Vol.1/Models/Pigeon_LOD1.fbx
  artifactKey: Guid(68bfa6012031e264a8f4720fe1d904fb) Importer(815301076,1909f56bfc062723c751e8b465ee728b)
Number of updated assets reloaded before import = 0
Start importing Assets/Quirky Series Ultimate/Quirky Series Vol.1/Pets Vol.1/Models/Pigeon_LOD1.fbx using Guid(68bfa6012031e264a8f4720fe1d904fb) Importer(815301076,1909f56bfc062723c751e8b465ee728b)  -> (artifact id: '970da5a7b196cab51d18256b2398a756') in 0.041919 seconds 
Number of asset objects unloaded after import = 32
========================================================================
Received Import Request.
  Time since last request: 0.000045 seconds.
  path: Assets/Quirky Series Ultimate/Quirky Series Vol.1/Pets Vol.1/Models/Dove_LOD1.fbx
  artifactKey: Guid(84080561dd85c59409dd2a59b90be716) Importer(815301076,1909f56bfc062723c751e8b465ee728b)
Number of updated assets reloaded before import = 0
Start importing Assets/Quirky Series Ultimate/Quirky Series Vol.1/Pets Vol.1/Models/Dove_LOD1.fbx using Guid(84080561dd85c59409dd2a59b90be716) Importer(815301076,1909f56bfc062723c751e8b465ee728b)  -> (artifact id: '5473688e7e5381d3fdd265ab58d8dcba') in 0.028095 seconds 
Number of asset objects unloaded after import = 32
========================================================================
Received Import Request.
  Time since last request: 0.000023 seconds.
  path: Assets/Quirky Series Ultimate/Quirky Series Vol.1/Pets Vol.1/Models/Parrot_LOD1.fbx
  artifactKey: Guid(ad6bf7220f6682a44bd255bfc1bf27cf) Importer(815301076,1909f56bfc062723c751e8b465ee728b)
Number of updated assets reloaded before import = 0
Start importing Assets/Quirky Series Ultimate/Quirky Series Vol.1/Pets Vol.1/Models/Parrot_LOD1.fbx using Guid(ad6bf7220f6682a44bd255bfc1bf27cf) Importer(815301076,1909f56bfc062723c751e8b465ee728b)  -> (artifact id: '7ef989a252e2865fee0b1ecc5ee9672a') in 0.025655 seconds 
Number of asset objects unloaded after import = 32
========================================================================
Received Import Request.
  Time since last request: 5.244941 seconds.
  path: Assets/Quirky Series Ultimate/Quirky Series Vol.1/Pets Vol.1/Animations/Rabbit_Animations.fbx
  artifactKey: Guid(19fbc6433c996574eb80fb6d445e9968) Importer(815301076,1909f56bfc062723c751e8b465ee728b)
Number of updated assets reloaded before import = 0
Start importing Assets/Quirky Series Ultimate/Quirky Series Vol.1/Pets Vol.1/Animations/Rabbit_Animations.fbx using Guid(19fbc6433c996574eb80fb6d445e9968) Importer(815301076,1909f56bfc062723c751e8b465ee728b)  -> (artifact id: 'f8ede2324243103b0b08db63bd6809dd') in 0.035407 seconds 
Number of asset objects unloaded after import = 50
Editor requested this worker to shutdown with reason: Scaling down because of idle timeout
AssetImportWorker is now disconnected from the server
Process exiting
Exiting without the bug reporter. Application will terminate with return code 0